<html>
<body>
<pre>
<h1>µVision Build Log</h1>
<h2>Tool Versions:</h2>
IDE-Version: ¦ÌVision V5.30.0.0
Copyright (C) 2020 ARM Ltd and ARM Germany GmbH. All rights reserved.
License Information:  ,  , LIC=FYKYW-QE8TD-63EMB-2G096-5FI8F-IHIIJ
 
Tool Versions:
Toolchain:       MDK-ARM Plus  Version: 5.30.0.0
Toolchain Path:  C:\Keil_v5\ARM\ARMCC\Bin
C Compiler:      Armcc.exe V5.06 update 6 (build 750)
Assembler:       Armasm.exe V5.06 update 6 (build 750)
Linker/Locator:  ArmLink.exe V5.06 update 6 (build 750)
Library Manager: ArmAr.exe V5.06 update 6 (build 750)
Hex Converter:   FromElf.exe V5.06 update 6 (build 750)
CPU DLL:         SARMCM3.DLL V5.30.0.0
Dialog DLL:      DCM.DLL V1.17.3.0
Target DLL:      Segger\JL2CM3.dll V2.99.38.0
Dialog DLL:      TCM.DLL V1.42.0.0
 
<h2>Project:</h2>
C:\CubeMX\F429ig\ETH\MDK-ARM\ETH.uvprojx
Project File Date:  12/16/2020

<h2>Output:</h2>
*** Using Compiler 'V5.06 update 6 (build 750)', folder: 'C:\Keil_v5\ARM\ARMCC\Bin'
Build target 'ETH'
assembling startup_stm32f429xx.s...
compiling i2c.c...
compiling fmc.c...
compiling lwip.c...
compiling gpio.c...
compiling main.c...
compiling freertos.c...
compiling ethernetif.c...
compiling rng.c...
compiling rtc.c...
compiling usart.c...
compiling stm32f4xx_hal_msp.c...
compiling stm32f4xx_hal_timebase_tim.c...
compiling stm32f4xx_it.c...
compiling stm32f4xx_hal_eth.c...
compiling stm32f4xx_hal_flash.c...
compiling stm32f4xx_hal_flash_ramfunc.c...
compiling stm32f4xx_hal_rcc.c...
compiling stm32f4xx_hal_rcc_ex.c...
compiling stm32f4xx_hal_gpio.c...
compiling stm32f4xx_hal_flash_ex.c...
compiling stm32f4xx_hal_pwr.c...
compiling stm32f4xx_hal_pwr_ex.c...
compiling stm32f4xx_hal_exti.c...
compiling stm32f4xx_hal_dma.c...
compiling stm32f4xx_hal.c...
compiling stm32f4xx_hal_cortex.c...
compiling stm32f4xx_hal_dma_ex.c...
compiling stm32f4xx_hal_sdram.c...
compiling stm32f4xx_hal_i2c_ex.c...
compiling stm32f4xx_ll_fmc.c...
compiling stm32f4xx_hal_rng.c...
compiling stm32f4xx_hal_rtc.c...
compiling stm32f4xx_hal_rtc_ex.c...
compiling croutine.c...
compiling system_stm32f4xx.c...
compiling event_groups.c...
compiling list.c...
compiling stm32f4xx_hal_tim_ex.c...
compiling stm32f4xx_hal_uart.c...
compiling stream_buffer.c...
compiling queue.c...
compiling timers.c...
compiling stm32f4xx_hal_i2c.c...
compiling heap_4.c...
compiling stm32f4xx_hal_tim.c...
compiling tasks.c...
compiling port.c...
compiling cmsis_os.c...
compiling ccp.c...
compiling auth.c...
compiling chap_ms.c...
compiling chap-md5.c...
compiling chap-new.c...
compiling demand.c...
compiling eap.c...
compiling eui64.c...
compiling fsm.c...
compiling ipcp.c...
compiling lcp.c...
compiling ipv6cp.c...
compiling magic.c...
compiling mppe.c...
compiling ppp.c...
compiling multilink.c...
compiling pppapi.c...
compiling pppoe.c...
compiling pppol2tp.c...
compiling pppcrypt.c...
compiling pppos.c...
compiling upap.c...
compiling utils.c...
compiling vj.c...
compiling ethernet.c...
compiling bridgeif.c...
compiling bridgeif_fdb.c...
compiling lowpan6.c...
compiling ecp.c...
compiling zepif.c...
compiling lowpan6_ble.c...
compiling lowpan6_common.c...
compiling slipif.c...
compiling api_lib.c...
compiling err.c...
compiling netdb.c...
compiling api_msg.c...
compiling netifapi.c...
compiling if_api.c...
compiling netbuf.c...
compiling altcp.c...
compiling altcp_alloc.c...
compiling dns.c...
compiling def.c...
compiling altcp_tcp.c...
compiling tcpip.c...
compiling sockets.c...
compiling inet_chksum.c...
compiling ip.c...
compiling init.c...
compiling mem.c...
compiling memp.c...
compiling netif.c...
compiling raw.c...
compiling stats.c...
compiling sys.c...
compiling pbuf.c...
compiling autoip.c...
compiling tcp.c...
compiling tcp_out.c...
compiling timeouts.c...
compiling udp.c...
compiling tcp_in.c...
compiling dhcp.c...
compiling igmp.c...
compiling icmp.c...
compiling ip4_addr.c...
compiling ip4.c...
compiling etharp.c...
compiling ip4_frag.c...
compiling dhcp6.c...
compiling ethip6.c...
compiling icmp6.c...
compiling inet6.c...
compiling ip6.c...
compiling ip6_addr.c...
compiling ip6_frag.c...
compiling mld6.c...
compiling nd6.c...
compiling sys_arch.c...
compiling mqtt.c...
linking...
Program Size: Code=69308 RO-data=1560 RW-data=464 ZI-data=147452  
FromELF: creating hex file...
"ETH\ETH.axf" - 0 Error(s), 0 Warning(s).

<h2>Software Packages used:</h2>

Package Vendor: ARM
                http://www.keil.com/pack/ARM.CMSIS.5.7.0.pack
                ARM.CMSIS.5.7.0
                CMSIS (Cortex Microcontroller Software Interface Standard)
   * Component: CORE Version: 5.4.0

Package Vendor: Keil
                http://www.keil.com/pack/Keil.STM32F4xx_DFP.2.15.0.pack
                Keil.STM32F4xx_DFP.2.15.0
                STMicroelectronics STM32F4 Series Device Support, Drivers and Examples

<h2>Collection of Component include folders:</h2>
  .\RTE\_ETH
  C:\Users\Layson\AppData\Local\Arm\Packs\ARM\CMSIS\5.7.0\CMSIS\Core\Include
  C:\Users\Layson\AppData\Local\Arm\Packs\Keil\STM32F4xx_DFP\2.15.0\Drivers\CMSIS\Device\ST\STM32F4xx\Include

<h2>Collection of Component Files used:</h2>

   * Component: ARM::CMSIS:CORE:5.4.0
Build Time Elapsed:  00:00:13
</pre>
</body>
</html>
