Component: ARM Compiler 5.06 update 6 (build 750) Tool: armlink [4d35ed]

==============================================================================

Section Cross References

    startup_stm32f429xx.o(RESET) refers to startup_stm32f429xx.o(STACK) for __initial_sp
    startup_stm32f429xx.o(RESET) refers to startup_stm32f429xx.o(.text) for Reset_Handler
    startup_stm32f429xx.o(RESET) refers to stm32f4xx_it.o(i.NMI_Handler) for NMI_Handler
    startup_stm32f429xx.o(RESET) refers to stm32f4xx_it.o(i.HardFault_Handler) for HardFault_Handler
    startup_stm32f429xx.o(RESET) refers to stm32f4xx_it.o(i.MemManage_Handler) for MemManage_Handler
    startup_stm32f429xx.o(RESET) refers to stm32f4xx_it.o(i.BusFault_Handler) for BusFault_Handler
    startup_stm32f429xx.o(RESET) refers to stm32f4xx_it.o(i.UsageFault_Handler) for UsageFault_Handler
    startup_stm32f429xx.o(RESET) refers to port.o(.emb_text) for SVC_Handler
    startup_stm32f429xx.o(RESET) refers to stm32f4xx_it.o(i.DebugMon_Handler) for DebugMon_Handler
    startup_stm32f429xx.o(RESET) refers to port.o(i.SysTick_Handler) for SysTick_Handler
    startup_stm32f429xx.o(RESET) refers to stm32f4xx_it.o(i.EXTI0_IRQHandler) for EXTI0_IRQHandler
    startup_stm32f429xx.o(RESET) refers to stm32f4xx_it.o(i.TIM1_UP_TIM10_IRQHandler) for TIM1_UP_TIM10_IRQHandler
    startup_stm32f429xx.o(RESET) refers to stm32f4xx_it.o(i.FMC_IRQHandler) for FMC_IRQHandler
    startup_stm32f429xx.o(RESET) refers to stm32f4xx_it.o(i.ETH_IRQHandler) for ETH_IRQHandler
    startup_stm32f429xx.o(.text) refers to system_stm32f4xx.o(i.SystemInit) for SystemInit
    startup_stm32f429xx.o(.text) refers to entry.o(.ARM.Collect$$$$00000000) for __main
    main.o(i.HAL_TIM_PeriodElapsedCallback) refers to stm32f4xx_hal.o(i.HAL_IncTick) for HAL_IncTick
    main.o(i.SystemClock_Config) refers to memseta.o(.text) for __aeabi_memclr4
    main.o(i.SystemClock_Config) refers to stm32f4xx_hal_rcc.o(i.HAL_RCC_OscConfig) for HAL_RCC_OscConfig
    main.o(i.SystemClock_Config) refers to stm32f4xx_hal_pwr_ex.o(i.HAL_PWREx_EnableOverDrive) for HAL_PWREx_EnableOverDrive
    main.o(i.SystemClock_Config) refers to stm32f4xx_hal_rcc.o(i.HAL_RCC_ClockConfig) for HAL_RCC_ClockConfig
    main.o(i.SystemClock_Config) refers to stm32f4xx_hal_rcc_ex.o(i.HAL_RCCEx_PeriphCLKConfig) for HAL_RCCEx_PeriphCLKConfig
    main.o(i.main) refers to stm32f4xx_hal.o(i.HAL_Init) for HAL_Init
    main.o(i.main) refers to main.o(i.SystemClock_Config) for SystemClock_Config
    main.o(i.main) refers to gpio.o(i.MX_GPIO_Init) for MX_GPIO_Init
    main.o(i.main) refers to usart.o(i.MX_USART1_UART_Init) for MX_USART1_UART_Init
    main.o(i.main) refers to rtc.o(i.MX_RTC_Init) for MX_RTC_Init
    main.o(i.main) refers to rng.o(i.MX_RNG_Init) for MX_RNG_Init
    main.o(i.main) refers to fmc.o(i.MX_FMC_Init) for MX_FMC_Init
    main.o(i.main) refers to i2c.o(i.MX_I2C1_Init) for MX_I2C1_Init
    main.o(i.main) refers to fmc.o(i.SDRAM_InitSequence) for SDRAM_InitSequence
    main.o(i.main) refers to freertos.o(i.MX_FREERTOS_Init) for MX_FREERTOS_Init
    main.o(i.main) refers to cmsis_os.o(i.osKernelStart) for osKernelStart
    gpio.o(i.MX_GPIO_Init) refers to memseta.o(.text) for __aeabi_memclr4
    gpio.o(i.MX_GPIO_Init) refers to stm32f4xx_hal_gpio.o(i.HAL_GPIO_WritePin) for HAL_GPIO_WritePin
    gpio.o(i.MX_GPIO_Init) refers to stm32f4xx_hal_gpio.o(i.HAL_GPIO_Init) for HAL_GPIO_Init
    gpio.o(i.MX_GPIO_Init) refers to stm32f4xx_hal_cortex.o(i.HAL_NVIC_SetPriority) for HAL_NVIC_SetPriority
    gpio.o(i.MX_GPIO_Init) refers to stm32f4xx_hal_cortex.o(i.HAL_NVIC_EnableIRQ) for HAL_NVIC_EnableIRQ
    fmc.o(i.HAL_FMC_MspInit) refers to memseta.o(.text) for __aeabi_memclr4
    fmc.o(i.HAL_FMC_MspInit) refers to stm32f4xx_hal_gpio.o(i.HAL_GPIO_Init) for HAL_GPIO_Init
    fmc.o(i.HAL_FMC_MspInit) refers to stm32f4xx_hal_cortex.o(i.HAL_NVIC_SetPriority) for HAL_NVIC_SetPriority
    fmc.o(i.HAL_FMC_MspInit) refers to stm32f4xx_hal_cortex.o(i.HAL_NVIC_EnableIRQ) for HAL_NVIC_EnableIRQ
    fmc.o(i.HAL_FMC_MspInit) refers to fmc.o(.data) for .data
    fmc.o(i.HAL_SDRAM_MspDeInit) refers to stm32f4xx_hal_gpio.o(i.HAL_GPIO_DeInit) for HAL_GPIO_DeInit
    fmc.o(i.HAL_SDRAM_MspDeInit) refers to stm32f4xx_hal_cortex.o(i.HAL_NVIC_DisableIRQ) for HAL_NVIC_DisableIRQ
    fmc.o(i.HAL_SDRAM_MspDeInit) refers to fmc.o(.data) for .data
    fmc.o(i.HAL_SDRAM_MspInit) refers to fmc.o(i.HAL_FMC_MspInit) for HAL_FMC_MspInit
    fmc.o(i.MX_FMC_Init) refers to memseta.o(.text) for __aeabi_memclr4
    fmc.o(i.MX_FMC_Init) refers to stm32f4xx_hal_sdram.o(i.HAL_SDRAM_Init) for HAL_SDRAM_Init
    fmc.o(i.MX_FMC_Init) refers to main.o(i.Error_Handler) for Error_Handler
    fmc.o(i.MX_FMC_Init) refers to fmc.o(.bss) for .bss
    fmc.o(i.SDRAM_InitSequence) refers to stm32f4xx_hal_sdram.o(i.HAL_SDRAM_SendCommand) for HAL_SDRAM_SendCommand
    fmc.o(i.SDRAM_InitSequence) refers to stm32f4xx_hal_sdram.o(i.HAL_SDRAM_ProgramRefreshRate) for HAL_SDRAM_ProgramRefreshRate
[...]
    netif_set_up                             0x08008291   Thumb Code    40  netif.o(i.netif_set_up)
    osDelay                                  0x08008331   Thumb Code    14  cmsis_os.o(i.osDelay)
    osKernelStart                            0x0800833f   Thumb Code    10  cmsis_os.o(i.osKernelStart)
    osKernelSysTick                          0x08008349   Thumb Code    24  cmsis_os.o(i.osKernelSysTick)
    osMessageCreate                          0x08008361   Thumb Code    38  cmsis_os.o(i.osMessageCreate)
    osMessageGet                             0x08008389   Thumb Code   144  cmsis_os.o(i.osMessageGet)
    osMessagePut                             0x0800841d   Thumb Code    86  cmsis_os.o(i.osMessagePut)
    osMutexCreate                            0x08008479   Thumb Code    16  cmsis_os.o(i.osMutexCreate)
    osMutexRelease                           0x08008489   Thumb Code    74  cmsis_os.o(i.osMutexRelease)
    osMutexWait                              0x080084d9   Thumb Code    96  cmsis_os.o(i.osMutexWait)
    osSemaphoreCreate                        0x0800853d   Thumb Code    80  cmsis_os.o(i.osSemaphoreCreate)
    osSemaphoreRelease                       0x0800858d   Thumb Code    74  cmsis_os.o(i.osSemaphoreRelease)
    osSemaphoreWait                          0x080085dd   Thumb Code    96  cmsis_os.o(i.osSemaphoreWait)
    osThreadCreate                           0x08008641   Thumb Code    84  cmsis_os.o(i.osThreadCreate)
    osTimerCreate                            0x08008695   Thumb Code    60  cmsis_os.o(i.osTimerCreate)
    osTimerStart                             0x080086d5   Thumb Code    88  cmsis_os.o(i.osTimerStart)
    pbuf_add_header                          0x08008731   Thumb Code     6  pbuf.o(i.pbuf_add_header)
    pbuf_alloc                               0x080087f9   Thumb Code   336  pbuf.o(i.pbuf_alloc)
    pbuf_alloc_reference                     0x08008a55   Thumb Code    68  pbuf.o(i.pbuf_alloc_reference)
    pbuf_alloced_custom                      0x08008b05   Thumb Code    54  pbuf.o(i.pbuf_alloced_custom)
    pbuf_cat                                 0x08008b3d   Thumb Code    96  pbuf.o(i.pbuf_cat)
    pbuf_chain                               0x08008c6d   Thumb Code    18  pbuf.o(i.pbuf_chain)
    pbuf_clen                                0x08008c7f   Thumb Code    18  pbuf.o(i.pbuf_clen)
    pbuf_clone                               0x08008c91   Thumb Code    48  pbuf.o(i.pbuf_clone)
    pbuf_copy                                0x08008d2d   Thumb Code   232  pbuf.o(i.pbuf_copy)
    pbuf_copy_partial                        0x08008f0d   Thumb Code   124  pbuf.o(i.pbuf_copy_partial)
    pbuf_free                                0x08009025   Thumb Code   176  pbuf.o(i.pbuf_free)
    pbuf_header_force                        0x080091bd   Thumb Code     6  pbuf.o(i.pbuf_header_force)
    pbuf_realloc                             0x080091ed   Thumb Code   142  pbuf.o(i.pbuf_realloc)
    pbuf_ref                                 0x08009321   Thumb Code    46  pbuf.o(i.pbuf_ref)
    pbuf_remove_header                       0x080093bd   Thumb Code    74  pbuf.o(i.pbuf_remove_header)
    pvPortMalloc                             0x08009e15   Thumb Code   210  heap_4.o(i.pvPortMalloc)
    pvTaskIncrementMutexHeldCount            0x08009eed   Thumb Code    18  tasks.o(i.pvTaskIncrementMutexHeldCount)
    pxPortInitialiseStack                    0x08009f05   Thumb Code    40  port.o(i.pxPortInitialiseStack)
    sys_arch_mbox_fetch                      0x08009f31   Thumb Code    68  sys_arch.o(i.sys_arch_mbox_fetch)
    sys_arch_protect                         0x08009f75   Thumb Code    18  sys_arch.o(i.sys_arch_protect)
    sys_arch_unprotect                       0x08009f8d   Thumb Code     8  sys_arch.o(i.sys_arch_unprotect)
    sys_check_timeouts                       0x08009f99   Thumb Code    62  timeouts.o(i.sys_check_timeouts)
    sys_init                                 0x08009fdd   Thumb Code    14  sys_arch.o(i.sys_init)
    sys_mbox_new                             0x08009ff5   Thumb Code    40  sys_arch.o(i.sys_mbox_new)
    sys_mbox_trypost                         0x0800a021   Thumb Code    20  sys_arch.o(i.sys_mbox_trypost)
    sys_mbox_valid                           0x0800a035   Thumb Code    10  sys_arch.o(i.sys_mbox_valid)
    sys_mutex_lock                           0x0800a03f   Thumb Code    10  sys_arch.o(i.sys_mutex_lock)
    sys_mutex_new                            0x0800a049   Thumb Code    30  sys_arch.o(i.sys_mutex_new)
    sys_mutex_unlock                         0x0800a067   Thumb Code     6  sys_arch.o(i.sys_mutex_unlock)
    sys_now                                  0x0800a06d   Thumb Code     4  ethernetif.o(i.sys_now)
    sys_thread_new                           0x0800a071   Thumb Code    48  sys_arch.o(i.sys_thread_new)
    sys_timeout                              0x0800a0a1   Thumb Code    46  timeouts.o(i.sys_timeout)
    sys_timeouts_init                        0x0800a25d   Thumb Code    30  timeouts.o(i.sys_timeouts_init)
    sys_timeouts_sleeptime                   0x0800a285   Thumb Code    34  timeouts.o(i.sys_timeouts_sleeptime)
    tcp_abandon                              0x0800a2ad   Thumb Code   256  tcp.o(i.tcp_abandon)
    tcp_abort                                0x0800a459   Thumb Code     6  tcp.o(i.tcp_abort)
    tcp_alloc                                0x0800a461   Thumb Code   280  tcp.o(i.tcp_alloc)
    tcp_close                                0x0800a585   Thumb Code    48  tcp.o(i.tcp_close)
    tcp_eff_send_mss_netif                   0x0800aa45   Thumb Code    54  tcp.o(i.tcp_eff_send_mss_netif)
    tcp_enqueue_flags                        0x0800aafd   Thumb Code   268  tcp_out.o(i.tcp_enqueue_flags)
    tcp_fasttmr                              0x0800ad31   Thumb Code   102  tcp.o(i.tcp_fasttmr)
    tcp_free                                 0x0800ad9d   Thumb Code    34  tcp.o(i.tcp_free)
    tcp_free_ooseq                           0x0800af69   Thumb Code    20  tcp.o(i.tcp_free_ooseq)
    tcp_init                                 0x0800afa5   Thumb Code    20  tcp.o(i.tcp_init)
    tcp_input                                0x0800afbd   Thumb Code  1584  tcp_in.o(i.tcp_input)
    tcp_keepalive                            0x0800b6e1   Thumb Code    82  tcp_out.o(i.tcp_keepalive)
    tcp_netif_ip_addr_changed                0x0800ba71   Thumb Code    70  tcp.o(i.tcp_netif_ip_addr_changed)
    tcp_next_iss                             0x0800bb7d   Thumb Code    32  tcp.o(i.tcp_next_iss)
    tcp_output                               0x0800bd21   Thumb Code   552  tcp_out.o(i.tcp_output)
    tcp_pcb_purge                            0x0800c715   Thumb Code    88  tcp.o(i.tcp_pcb_purge)
    tcp_pcb_remove                           0x0800c7e1   Thumb Code   174  tcp.o(i.tcp_pcb_remove)
    tcp_process_refused_data                 0x0800ce35   Thumb Code   132  tcp.o(i.tcp_process_refused_data)
    tcp_recv_null                            0x0800d83d   Thumb Code    60  tcp.o(i.tcp_recv_null)
    tcp_recved                               0x0800d8ed   Thumb Code   104  tcp.o(i.tcp_recved)
    tcp_rexmit                               0x0800da45   Thumb Code   118  tcp_out.o(i.tcp_rexmit)
    tcp_rexmit_fast                          0x0800db31   Thumb Code   108  tcp_out.o(i.tcp_rexmit_fast)
    tcp_rexmit_rto                           0x0800dc19   Thumb Code    42  tcp_out.o(i.tcp_rexmit_rto)
    tcp_rexmit_rto_commit                    0x0800dcbd   Thumb Code    44  tcp_out.o(i.tcp_rexmit_rto_commit)
    tcp_rexmit_rto_prepare                   0x0800dd69   Thumb Code   118  tcp_out.o(i.tcp_rexmit_rto_prepare)
    tcp_rst                                  0x0800de71   Thumb Code   128  tcp_out.o(i.tcp_rst)
    tcp_seg_copy                             0x0800df85   Thumb Code    56  tcp.o(i.tcp_seg_copy)
    tcp_seg_free                             0x0800e031   Thumb Code    28  tcp.o(i.tcp_seg_free)
    tcp_segs_free                            0x0800e04d   Thumb Code    18  tcp.o(i.tcp_segs_free)
    tcp_send_empty_ack                       0x0800e061   Thumb Code   110  tcp_out.o(i.tcp_send_empty_ack)
    tcp_send_fin                             0x0800e14d   Thumb Code    84  tcp_out.o(i.tcp_send_fin)
    tcp_slowtmr                              0x0800e219   Thumb Code  1360  tcp.o(i.tcp_slowtmr)
    tcp_split_unsent_seg                     0x0800e7e9   Thumb Code   360  tcp_out.o(i.tcp_split_unsent_seg)
    tcp_timer_needed                         0x0800ea15   Thumb Code    36  timeouts.o(i.tcp_timer_needed)
    tcp_tmr                                  0x0800eb49   Thumb Code    28  tcp.o(i.tcp_tmr)
    tcp_trigger_input_pcb_close              0x0800eb69   Thumb Code    12  tcp_in.o(i.tcp_trigger_input_pcb_close)
    tcp_update_rcv_ann_wnd                   0x0800eb79   Thumb Code    92  tcp.o(i.tcp_update_rcv_ann_wnd)
    tcp_zero_window_probe                    0x0800ec6d   Thumb Code   190  tcp_out.o(i.tcp_zero_window_probe)
    tcpip_init                               0x0800edad   Thumb Code    88  tcpip.o(i.tcpip_init)
    tcpip_inpkt                              0x0800eebd   Thumb Code    82  tcpip.o(i.tcpip_inpkt)
    tcpip_input                              0x0800ef7d   Thumb Code    20  tcpip.o(i.tcpip_input)
    tcpip_try_callback                       0x0800f195   Thumb Code    78  tcpip.o(i.tcpip_try_callback)
    udp_bind                                 0x0800f251   Thumb Code   186  udp.o(i.udp_bind)
    udp_connect                              0x0800f385   Thumb Code   108  udp.o(i.udp_connect)
    udp_init                                 0x0800f485   Thumb Code    20  udp.o(i.udp_init)
    udp_input                                0x0800f49d   Thumb Code   310  udp.o(i.udp_input)
    udp_netif_ip_addr_changed                0x0800f791   Thumb Code    48  udp.o(i.udp_netif_ip_addr_changed)
    udp_new                                  0x0800f7c5   Thumb Code    26  udp.o(i.udp_new)
    udp_recv                                 0x0800f7e1   Thumb Code    22  udp.o(i.udp_recv)
    udp_remove                               0x0800f869   Thumb Code    58  udp.o(i.udp_remove)
    udp_sendto_if                            0x0800f919   Thumb Code   110  udp.o(i.udp_sendto_if)
    udp_sendto_if_src                        0x0800fa59   Thumb Code   274  udp.o(i.udp_sendto_if_src)
    user_RTC_printf                          0x0800fca1   Thumb Code    68  rtc.o(i.user_RTC_printf)
    uxListRemove                             0x0800fd19   Thumb Code    38  list.o(i.uxListRemove)
    vApplicationGetIdleTaskMemory            0x0800fd41   Thumb Code    16  freertos.o(i.vApplicationGetIdleTaskMemory)
    vApplicationGetTimerTaskMemory           0x0800fd55   Thumb Code    18  freertos.o(i.vApplicationGetTimerTaskMemory)
    vListInitialise                          0x0800fd6d   Thumb Code    22  list.o(i.vListInitialise)
    vListInitialiseItem                      0x0800fd83   Thumb Code     6  list.o(i.vListInitialiseItem)
    vListInsert                              0x0800fd89   Thumb Code    48  list.o(i.vListInsert)
    vListInsertEnd                           0x0800fdb9   Thumb Code    24  list.o(i.vListInsertEnd)
    vPortEnterCritical                       0x0800fdd1   Thumb Code    54  port.o(i.vPortEnterCritical)
    vPortExitCritical                        0x0800fe11   Thumb Code    34  port.o(i.vPortExitCritical)
    vPortFree                                0x0800fe39   Thumb Code    88  heap_4.o(i.vPortFree)
    vPortSetupTimerInterrupt                 0x0800fe95   Thumb Code    32  port.o(i.vPortSetupTimerInterrupt)
    vPortValidateInterruptPriority           0x0800feb9   Thumb Code    74  port.o(i.vPortValidateInterruptPriority)
    vQueueAddToRegistry                      0x0800ff0d   Thumb Code    34  queue.o(i.vQueueAddToRegistry)
    vQueueWaitForMessageRestricted           0x0800ff35   Thumb Code    68  queue.o(i.vQueueWaitForMessageRestricted)
    vTaskDelay                               0x0800ff79   Thumb Code    66  tasks.o(i.vTaskDelay)
    vTaskInternalSetTimeOutState             0x0800ffc5   Thumb Code    12  tasks.o(i.vTaskInternalSetTimeOutState)
    vTaskMissedYield                         0x0800ffd5   Thumb Code     8  tasks.o(i.vTaskMissedYield)
    vTaskPlaceOnEventList                    0x0800ffe1   Thumb Code    44  tasks.o(i.vTaskPlaceOnEventList)
    vTaskPlaceOnEventListRestricted          0x08010011   Thumb Code    52  tasks.o(i.vTaskPlaceOnEventListRestricted)
    vTaskPriorityDisinheritAfterTimeout      0x08010049   Thumb Code   160  tasks.o(i.vTaskPriorityDisinheritAfterTimeout)
    vTaskStartScheduler                      0x080100f1   Thumb Code   118  tasks.o(i.vTaskStartScheduler)
    vTaskSuspendAll                          0x08010179   Thumb Code    10  tasks.o(i.vTaskSuspendAll)
    vTaskSwitchContext                       0x08010189   Thumb Code    82  tasks.o(i.vTaskSwitchContext)
    xPortStartScheduler                      0x080101e5   Thumb Code   222  port.o(i.xPortStartScheduler)
    xQueueCreateCountingSemaphore            0x080102d9   Thumb Code    58  queue.o(i.xQueueCreateCountingSemaphore)
    xQueueCreateCountingSemaphoreStatic      0x08010313   Thumb Code    64  queue.o(i.xQueueCreateCountingSemaphoreStatic)
    xQueueCreateMutex                        0x08010353   Thumb Code    22  queue.o(i.xQueueCreateMutex)
    xQueueCreateMutexStatic                  0x08010369   Thumb Code    26  queue.o(i.xQueueCreateMutexStatic)
    xQueueGenericCreate                      0x08010383   Thumb Code    72  queue.o(i.xQueueGenericCreate)
    xQueueGenericCreateStatic                0x080103cb   Thumb Code   102  queue.o(i.xQueueGenericCreateStatic)
    xQueueGenericReset                       0x08010431   Thumb Code   132  queue.o(i.xQueueGenericReset)
    xQueueGenericSend                        0x080104b9   Thumb Code   346  queue.o(i.xQueueGenericSend)
    xQueueGenericSendFromISR                 0x08010619   Thumb Code   188  queue.o(i.xQueueGenericSendFromISR)
    xQueueGiveFromISR                        0x080106d5   Thumb Code   156  queue.o(i.xQueueGiveFromISR)
    xQueueReceive                            0x08010771   Thumb Code   308  queue.o(i.xQueueReceive)
    xQueueReceiveFromISR                     0x080108a9   Thumb Code   154  queue.o(i.xQueueReceiveFromISR)
    xQueueSemaphoreTake                      0x08010945   Thumb Code   372  queue.o(i.xQueueSemaphoreTake)
    xTaskCheckForTimeOut                     0x08010abd   Thumb Code   112  tasks.o(i.xTaskCheckForTimeOut)
    xTaskCreate                              0x08010b31   Thumb Code    90  tasks.o(i.xTaskCreate)
    xTaskCreateStatic                        0x08010b8b   Thumb Code    86  tasks.o(i.xTaskCreateStatic)
    xTaskGetSchedulerState                   0x08010be1   Thumb Code    22  tasks.o(i.xTaskGetSchedulerState)
    xTaskGetTickCount                        0x08010bfd   Thumb Code     6  tasks.o(i.xTaskGetTickCount)
    xTaskGetTickCountFromISR                 0x08010c09   Thumb Code    12  tasks.o(i.xTaskGetTickCountFromISR)
    xTaskIncrementTick                       0x08010c19   Thumb Code   192  tasks.o(i.xTaskIncrementTick)
    xTaskPriorityDisinherit                  0x08010ce1   Thumb Code   144  tasks.o(i.xTaskPriorityDisinherit)
    xTaskPriorityInherit                     0x08010d79   Thumb Code   138  tasks.o(i.xTaskPriorityInherit)
    xTaskRemoveFromEventList                 0x08010e0d   Thumb Code   108  tasks.o(i.xTaskRemoveFromEventList)
    xTaskResumeAll                           0x08010e81   Thumb Code   182  tasks.o(i.xTaskResumeAll)
    xTimerCreate                             0x08010f45   Thumb Code    52  timers.o(i.xTimerCreate)
    xTimerCreateStatic                       0x08010f79   Thumb Code    46  timers.o(i.xTimerCreateStatic)
    xTimerCreateTimerTask                    0x08010fa9   Thumb Code    78  timers.o(i.xTimerCreateTimerTask)
    xTimerGenericCommand                     0x08011009   Thumb Code    92  timers.o(i.xTimerGenericCommand)
    AHBPrescTable                            0x0801115c   Data          16  system_stm32f4xx.o(.constdata)
    APBPrescTable                            0x0801116c   Data           8  system_stm32f4xx.o(.constdata)
    ethbroadcast                             0x08011174   Data           6  ethernet.o(.constdata)
    ethzero                                  0x0801117a   Data           6  ethernet.o(.constdata)
    memp_UDP_PCB                             0x08011180   Data          12  memp.o(.constdata)
    memp_TCP_PCB                             0x0801118c   Data          12  memp.o(.constdata)
    memp_TCP_PCB_LISTEN                      0x08011198   Data          12  memp.o(.constdata)
    memp_TCP_SEG                             0x080111a4   Data          12  memp.o(.constdata)
    memp_REASSDATA                           0x080111b0   Data          12  memp.o(.constdata)
    memp_FRAG_PBUF                           0x080111bc   Data          12  memp.o(.constdata)
    memp_NETBUF                              0x080111c8   Data          12  memp.o(.constdata)
    memp_NETCONN                             0x080111d4   Data          12  memp.o(.constdata)
    memp_TCPIP_MSG_API                       0x080111e0   Data          12  memp.o(.constdata)
    memp_TCPIP_MSG_INPKT                     0x080111ec   Data          12  memp.o(.constdata)
    memp_SYS_TIMEOUT                         0x080111f8   Data          12  memp.o(.constdata)
    memp_PBUF                                0x08011204   Data          12  memp.o(.constdata)
    memp_PBUF_POOL                           0x08011210   Data          12  memp.o(.constdata)
    memp_pools                               0x0801121c   Data          52  memp.o(.constdata)
    tcp_pcb_lists                            0x08011294   Data          16  tcp.o(.constdata)
    lwip_cyclic_timers                       0x080112a4   Data          40  timeouts.o(.constdata)
    ip_addr_any                              0x080112cc   Data           4  ip4_addr.o(.constdata)
    ip_addr_broadcast                        0x080112d0   Data           4  ip4_addr.o(.constdata)
    os_mutex_def_lwip_sys_mutex              0x080112d4   Data           8  sys_arch.o(.constdata)
    Region$$Table$$Base                      0x08011494   Number         0  anon$$obj.o(Region$$Table)
    Region$$Table$$Limit                     0x080114d4   Number         0  anon$$obj.o(Region$$Table)
    ipaddr                                   0x1000000c   Data           4  lwip.o(.data)
    netmask                                  0x10000010   Data           4  lwip.o(.data)
    gw                                       0x10000014   Data           4  lwip.o(.data)
    uwTickFreq                               0x10000018   Data           1  stm32f4xx_hal.o(.data)
    uwTickPrio                               0x1000001c   Data           4  stm32f4xx_hal.o(.data)
    uwTick                                   0x10000020   Data           4  stm32f4xx_hal.o(.data)
    SystemCoreClock                          0x10000024   Data           4  system_stm32f4xx.o(.data)
    netif_list                               0x1000006c   Data           4  netif.o(.data)
    netif_default                            0x10000070   Data           4  netif.o(.data)
    tcp_active_pcbs_changed                  0x10000074   Data           1  tcp.o(.data)
    tcp_ticks                                0x10000080   Data           4  tcp.o(.data)
    tcp_bound_pcbs                           0x10000084   Data           4  tcp.o(.data)
    tcp_listen_pcbs                          0x10000088   Data           4  tcp.o(.data)
    tcp_active_pcbs                          0x1000008c   Data           4  tcp.o(.data)
    tcp_tw_pcbs                              0x10000090   Data           4  tcp.o(.data)
    lwip_sys_mutex                           0x100000a0   Data           4  sys_arch.o(.data)
    __stdout                                 0x100000a4   Data           4  stdout.o(.data)
    gnetif                                   0x100000a8   Data          52  lwip.o(.bss)
    hrng                                     0x100000dc   Data          16  rng.o(.bss)
    hrtc                                     0x100000ec   Data          32  rtc.o(.bss)
    stimestructure                           0x1000010c   Data          20  rtc.o(.bss)
    huart1                                   0x10000120   Data          64  usart.o(.bss)
    xQueueRegistry                           0x10000160   Data          64  queue.o(.bss)
    ip_data                                  0x10000378   Data          24  ip.o(.bss)
    ram_heap                                 0x10000390   Data        1619  mem.o(.bss)
    memp_memory_UDP_PCB_base                 0x100009e3   Data         131  memp.o(.bss)
    memp_memory_TCP_SEG_base                 0x10000a66   Data         259  memp.o(.bss)
    memp_memory_REASSDATA_base               0x10000b69   Data         163  memp.o(.bss)
    memp_memory_TCPIP_MSG_INPKT_base         0x10000c0c   Data         131  memp.o(.bss)
    memp_memory_SYS_TIMEOUT_base             0x10000c8f   Data          83  memp.o(.bss)
    __initial_sp                             0x100020e8   Data           0  startup_stm32f429xx.o(STACK)
    defaultTaskHandle                        0x20000000   Data           4  freertos.o(.data)
    myTask02Handle                           0x20000004   Data           4  freertos.o(.data)
    myTask03Handle                           0x20000008   Data           4  freertos.o(.data)
    myTask04Handle                           0x2000000c   Data           4  freertos.o(.data)
    myTask05Handle                           0x20000010   Data           4  freertos.o(.data)
    myTask06Handle                           0x20000014   Data           4  freertos.o(.data)
    myTimer01Handle                          0x20000018   Data           4  freertos.o(.data)
    myTimer02Handle                          0x2000001c   Data           4  freertos.o(.data)
    myTimer03Handle                          0x20000020   Data           4  freertos.o(.data)
    myTimer04Handle                          0x20000024   Data           4  freertos.o(.data)
    myTimer05Handle                          0x20000028   Data           4  freertos.o(.data)
    myTimer06Handle                          0x2000002c   Data           4  freertos.o(.data)
    pSDRAM                                   0x20000030   Data           4  freertos.o(.data)
    count                                    0x20000038   Data           8  freertos.o(.data)
    s_xSemaphore                             0x20000040   Data           4  ethernetif.o(.data)
    sdatestructure                           0x20000044   Data           4  rtc.o(.data)
    pxCurrentTCB                             0x20000048   Data           4  tasks.o(.data)
    lock_tcpip_core                          0x200000b0   Data           4  tcpip.o(.data)
    pbuf_free_ooseq_pending                  0x200000d0   Data           1  pbuf.o(.data)
    tcp_input_pcb                            0x200000f4   Data           4  tcp_in.o(.data)
    udp_pcbs                                 0x20000108   Data           4  udp.o(.data)
    dhcp_rx_options_given                    0x20000118   Data           8  dhcp.o(.data)
    hsdram1                                  0x20000138   Data          52  fmc.o(.bss)
    RadomBuffer                              0x2000081c   Data       40000  freertos.o(.bss)
    ReadBuffer                               0x2000a45c   Data       40000  freertos.o(.bss)
    hi2c1                                    0x2001409c   Data          84  i2c.o(.bss)
    DMARxDscrTab                             0x200140f0   Data         128  ethernetif.o(.bss)
    DMATxDscrTab                             0x20014170   Data         128  ethernetif.o(.bss)
    Rx_Buff                                  0x200141f0   Data        6096  ethernetif.o(.bss)
    Tx_Buff                                  0x200159c0   Data        6096  ethernetif.o(.bss)
    heth                                     0x20017190   Data          72  ethernetif.o(.bss)
    htim1                                    0x200171d8   Data          64  stm32f4xx_hal_timebase_tim.o(.bss)
    memp_memory_TCP_PCB_base                 0x2001f218   Data         783  memp.o(.bss)
    memp_memory_TCP_PCB_LISTEN_base          0x2001f527   Data         227  memp.o(.bss)
    memp_memory_FRAG_PBUF_base               0x2001f60a   Data         363  memp.o(.bss)
    memp_memory_NETBUF_base                  0x2001f775   Data          35  memp.o(.bss)
    memp_memory_NETCONN_base                 0x2001f798   Data         163  memp.o(.bss)
    memp_memory_TCPIP_MSG_API_base           0x2001f83b   Data         131  memp.o(.bss)
    memp_memory_PBUF_base                    0x2001f8be   Data         259  memp.o(.bss)
    memp_memory_PBUF_POOL_base               0x2001f9c1   Data        9731  memp.o(.bss)
    dhcp_rx_options_val                      0x20021fd4   Data          32  dhcp.o(.bss)



==============================================================================

Memory Map of the image

  Image Entry point : 0x080001ad

  Load Region LR_IROM1 (Base: 0x08000000, Size: 0x000116a4, Max: 0x00100000, ABSOLUTE)

    Execution Region ER_IROM1 (Exec base: 0x08000000, Load base: 0x08000000, Size: 0x000114d4, Max: 0x00100000, ABSOLUTE)

    Exec Addr    Load Addr    Size         Type   Attr      Idx    E Section Name        Object

    0x08000000   0x08000000   0x000001ac   Data   RO            3    RESET               startup_stm32f429xx.o
    0x080001ac   0x080001ac   0x00000000   Code   RO        11208  * .ARM.Collect$$$$00000000  mc_w.l(entry.o)
    0x080001ac   0x080001ac   0x00000004   Code   RO        11527    .ARM.Collect$$$$00000001  mc_w.l(entry2.o)
    0x080001b0   0x080001b0   0x00000004   Code   RO        11530    .ARM.Collect$$$$00000004  mc_w.l(entry5.o)
    0x080001b4   0x080001b4   0x00000000   Code   RO        11532    .ARM.Collect$$$$00000008  mc_w.l(entry7b.o)
    0x080001b4   0x080001b4   0x00000000   Code   RO        11534    .ARM.Collect$$$$0000000A  mc_w.l(entry8b.o)
    0x080001b4   0x080001b4   0x00000008   Code   RO        11535    .ARM.Collect$$$$0000000B  mc_w.l(entry9a.o)
    0x080001bc   0x080001bc   0x00000000   Code   RO        11537    .ARM.Collect$$$$0000000D  mc_w.l(entry10a.o)
    0x080001bc   0x080001bc   0x00000000   Code   RO        11539    .ARM.Collect$$$$0000000F  mc_w.l(entry11a.o)
    0x080001bc   0x080001bc   0x00000004   Code   RO        11528    .ARM.Collect$$$$00002712  mc_w.l(entry2.o)
    0x080001c0   0x080001c0   0x000000be   Code   RO         6410    .emb_text           port.o
    0x0800027e   0x0800027e   0x00000002   PAD
    0x08000280   0x08000280   0x00000024   Code   RO            4    .text               startup_stm32f429xx.o
    0x080002a4   0x080002a4   0x00000062   Code   RO        11211    .text               mc_w.l(uldiv.o)
    0x08000306   0x08000306   0x00000062   Code   RO        11213    .text               mc_w.l(ldiv.o)
    0x08000368   0x08000368   0x00000024   Code   RO        11243    .text               mc_w.l(rand.o)
    0x0800038c   0x0800038c   0x00000040   Code   RO        11248    .text               mc_w.l(memmovea.o)
    0x080003cc   0x080003cc   0x00000024   Code   RO        11252    .text               mc_w.l(memseta.o)
    0x080003f0   0x080003f0   0x0000001a   Code   RO        11256    .text               mc_w.l(memcmp.o)
    0x0800040a   0x0800040a   0x0000001e   Code   RO        11544    .text               mc_w.l(llshl.o)
    0x08000428   0x08000428   0x00000020   Code   RO        11546    .text               mc_w.l(llushr.o)
    0x08000448   0x08000448   0x00000024   Code   RO        11568    .text               mc_w.l(init.o)
    0x0800046c   0x0800046c   0x00000056   Code   RO        11586    .text               mc_w.l(__dczerorl2.o)
    0x080004c2   0x080004c2   0x00000002   Code   RO          969    i.BusFault_Handler  stm32f4xx_it.o
    0x080004c4   0x080004c4   0x00000002   Code   RO          970    i.DebugMon_Handler  stm32f4xx_it.o
    0x080004c6   0x080004c6   0x00000002   PAD
    0x080004c8   0x080004c8   0x00000020   Code   RO         1114    i.ETH_Delay         stm32f4xx_hal_eth.o
    0x080004e8   0x080004e8   0x0000002e   Code   RO         1115    i.ETH_FlushTransmitFIFO  stm32f4xx_hal_eth.o
    0x08000516   0x08000516   0x00000002   PAD
    0x08000518   0x08000518   0x0000000c   Code   RO          971    i.ETH_IRQHandler    stm32f4xx_it.o
    0x08000524   0x08000524   0x00000124   Code   RO         1116    i.ETH_MACDMAConfig  stm32f4xx_hal_eth.o
    0x08000648   0x08000648   0x00000044   Code   RO          972    i.EXTI0_IRQHandler  stm32f4xx_it.o
    0x0800068c   0x0800068c   0x00000002   Code   RO           13    i.Error_Handler     main.o
    0x0800068e   0x0800068e   0x00000002   PAD
    0x08000690   0x08000690   0x0000000c   Code   RO          973    i.FMC_IRQHandler    stm32f4xx_it.o
    0x0800069c   0x0800069c   0x00000050   Code   RO         2501    i.FMC_SDRAM_Init    stm32f4xx_ll_fmc.o
    0x080006ec   0x080006ec   0x0000000c   Code   RO         2502    i.FMC_SDRAM_ProgramRefreshRate  stm32f4xx_ll_fmc.o
    0x080006f8   0x080006f8   0x00000048   Code   RO         2503    i.FMC_SDRAM_SendCommand  stm32f4xx_ll_fmc.o
    0x08000740   0x08000740   0x00000080   Code   RO         2505    i.FMC_SDRAM_Timing_Init  stm32f4xx_ll_fmc.o
    0x080007c0   0x080007c0   0x00000024   Code   RO         2218    i.HAL_Delay         stm32f4xx_hal.o
    0x080007e4   0x080007e4   0x00000074   Code   RO         1119    i.HAL_ETH_DMARxDescListInit  stm32f4xx_hal_eth.o
    0x08000858   0x08000858   0x00000078   Code   RO         1120    i.HAL_ETH_DMATxDescListInit  stm32f4xx_hal_eth.o
    0x080008d0   0x080008d0   0x00000002   Code   RO         1122    i.HAL_ETH_ErrorCallback  stm32f4xx_hal_eth.o
    0x080008d2   0x080008d2   0x00000088   Code   RO         1124    i.HAL_ETH_GetReceivedFrame_IT  stm32f4xx_hal_eth.o
    0x0800095a   0x0800095a   0x0000007a   Code   RO         1126    i.HAL_ETH_IRQHandler  stm32f4xx_hal_eth.o
    0x080009d4   0x080009d4   0x000001ec   Code   RO         1127    i.HAL_ETH_Init      stm32f4xx_hal_eth.o
    0x08000bc0   0x08000bc0   0x0000010c   Code   RO          709    i.HAL_ETH_MspInit   ethernetif.o
    0x08000ccc   0x08000ccc   0x00000084   Code   RO         1130    i.HAL_ETH_ReadPHYRegister  stm32f4xx_hal_eth.o
    0x08000d50   0x08000d50   0x0000000c   Code   RO          710    i.HAL_ETH_RxCpltCallback  ethernetif.o
    0x08000d5c   0x08000d5c   0x00000084   Code   RO         1132    i.HAL_ETH_Start     stm32f4xx_hal_eth.o
    0x08000de0   0x08000de0   0x00000108   Code   RO         1134    i.HAL_ETH_TransmitFrame  stm32f4xx_hal_eth.o
    0x08000ee8   0x08000ee8   0x00000002   Code   RO         1135    i.HAL_ETH_TxCpltCallback  stm32f4xx_hal_eth.o
    0x08000eea   0x08000eea   0x00000002   PAD
    0x08000eec   0x08000eec   0x00000078   Code   RO         1136    i.HAL_ETH_WritePHYRegister  stm32f4xx_hal_eth.o
    0x08000f64   0x08000f64   0x000000ec   Code   RO          407    i.HAL_FMC_MspInit   fmc.o
    0x08001050   0x08001050   0x00000002   Code   RO         1672    i.HAL_GPIO_EXTI_Callback  stm32f4xx_hal_gpio.o
    0x08001052   0x08001052   0x00000002   PAD
    0x08001054   0x08001054   0x00000018   Code   RO         1673    i.HAL_GPIO_EXTI_IRQHandler  stm32f4xx_hal_gpio.o
    0x0800106c   0x0800106c   0x000001d4   Code   RO         1674    i.HAL_GPIO_Init     stm32f4xx_hal_gpio.o
    0x08001240   0x08001240   0x0000000a   Code   RO         1676    i.HAL_GPIO_ReadPin  stm32f4xx_hal_gpio.o
    0x0800124a   0x0800124a   0x0000000e   Code   RO         1677    i.HAL_GPIO_TogglePin  stm32f4xx_hal_gpio.o
    0x08001258   0x08001258   0x0000000a   Code   RO         1678    i.HAL_GPIO_WritePin  stm32f4xx_hal_gpio.o
    0x08001262   0x08001262   0x00000002   PAD
    0x08001264   0x08001264   0x0000000c   Code   RO         2226    i.HAL_GetTick       stm32f4xx_hal.o
    0x08001270   0x08001270   0x00000042   Code   RO         3244    i.HAL_I2CEx_ConfigAnalogFilter  stm32f4xx_hal_i2c_ex.o
    0x080012b2   0x080012b2   0x0000003e   Code   RO         3245    i.HAL_I2CEx_ConfigDigitalFilter  stm32f4xx_hal_i2c_ex.o
    0x080012f0   0x080012f0   0x00000188   Code   RO         2828    i.HAL_I2C_Init      stm32f4xx_hal_i2c.o
    0x08001478   0x08001478   0x00000068   Code   RO          590    i.HAL_I2C_MspInit   i2c.o
    0x080014e0   0x080014e0   0x00000010   Code   RO         2232    i.HAL_IncTick       stm32f4xx_hal.o
    0x080014f0   0x080014f0   0x00000034   Code   RO         2233    i.HAL_Init          stm32f4xx_hal.o
    0x08001524   0x08001524   0x00000074   Code   RO         1075    i.HAL_InitTick      stm32f4xx_hal_timebase_tim.o
    0x08001598   0x08001598   0x00000038   Code   RO         1051    i.HAL_MspInit       stm32f4xx_hal_msp.o
    0x080015d0   0x080015d0   0x0000001a   Code   RO         2081    i.HAL_NVIC_EnableIRQ  stm32f4xx_hal_cortex.o
    0x080015ea   0x080015ea   0x00000002   PAD
    0x080015ec   0x080015ec   0x00000040   Code   RO         2087    i.HAL_NVIC_SetPriority  stm32f4xx_hal_cortex.o
    0x0800162c   0x0800162c   0x00000024   Code   RO         2088    i.HAL_NVIC_SetPriorityGrouping  stm32f4xx_hal_cortex.o
    0x08001650   0x08001650   0x00000070   Code   RO         2010    i.HAL_PWREx_EnableOverDrive  stm32f4xx_hal_pwr_ex.o
    0x080016c0   0x080016c0   0x00000254   Code   RO         1375    i.HAL_RCCEx_PeriphCLKConfig  stm32f4xx_hal_rcc_ex.o
    0x08001914   0x08001914   0x00000134   Code   RO         1268    i.HAL_RCC_ClockConfig  stm32f4xx_hal_rcc.o
    0x08001a48   0x08001a48   0x00000040   Code   RO         1272    i.HAL_RCC_GetClockConfig  stm32f4xx_hal_rcc.o
    0x08001a88   0x08001a88   0x0000000c   Code   RO         1273    i.HAL_RCC_GetHCLKFreq  stm32f4xx_hal_rcc.o
    0x08001a94   0x08001a94   0x00000020   Code   RO         1275    i.HAL_RCC_GetPCLK1Freq  stm32f4xx_hal_rcc.o
    0x08001ab4   0x08001ab4   0x00000020   Code   RO         1276    i.HAL_RCC_GetPCLK2Freq  stm32f4xx_hal_rcc.o
    0x08001ad4   0x08001ad4   0x00000064   Code   RO         1277    i.HAL_RCC_GetSysClockFreq  stm32f4xx_hal_rcc.o
    0x08001b38   0x08001b38   0x0000035c   Code   RO         1280    i.HAL_RCC_OscConfig  stm32f4xx_hal_rcc.o
    0x08001e94   0x08001e94   0x00000074   Code   RO         3276    i.HAL_RNG_GenerateRandomNumber  stm32f4xx_hal_rng.o
    0x08001f08   0x08001f08   0x00000016   Code   RO         3279    i.HAL_RNG_GetRandomNumber  stm32f4xx_hal_rng.o
    0x08001f1e   0x08001f1e   0x00000032   Code   RO         3283    i.HAL_RNG_Init      stm32f4xx_hal_rng.o
    0x08001f50   0x08001f50   0x00000028   Code   RO          825    i.HAL_RNG_MspInit   rng.o
    0x08001f78   0x08001f78   0x000000c2   Code   RO         3540    i.HAL_RTCEx_SetWakeUpTimer  stm32f4xx_hal_rtc_ex.o
    0x0800203a   0x0800203a   0x00000002   PAD
    0x0800203c   0x0800203c   0x00000044   Code   RO         3381    i.HAL_RTC_GetDate   stm32f4xx_hal_rtc.o
    0x08002080   0x08002080   0x00000058   Code   RO         3383    i.HAL_RTC_GetTime   stm32f4xx_hal_rtc.o
    0x080020d8   0x080020d8   0x000000ac   Code   RO         3384    i.HAL_RTC_Init      stm32f4xx_hal_rtc.o
    0x08002184   0x08002184   0x00000018   Code   RO          867    i.HAL_RTC_MspInit   rtc.o
    0x0800219c   0x0800219c   0x000000c8   Code   RO         3390    i.HAL_RTC_SetDate   stm32f4xx_hal_rtc.o
    0x08002264   0x08002264   0x000000ec   Code   RO         3391    i.HAL_RTC_SetTime   stm32f4xx_hal_rtc.o
    0x08002350   0x08002350   0x00000036   Code   RO         3392    i.HAL_RTC_WaitForSynchro  stm32f4xx_hal_rtc.o
    0x08002386   0x08002386   0x0000001e   Code   RO         2666    i.HAL_SDRAM_IRQHandler  stm32f4xx_hal_sdram.o
    0x080023a4   0x080023a4   0x00000042   Code   RO         2667    i.HAL_SDRAM_Init    stm32f4xx_hal_sdram.o
    0x080023e6   0x080023e6   0x00000004   Code   RO          409    i.HAL_SDRAM_MspInit  fmc.o
    0x080023ea   0x080023ea   0x00000022   Code   RO         2670    i.HAL_SDRAM_ProgramRefreshRate  stm32f4xx_hal_sdram.o
    0x0800240c   0x0800240c   0x00000002   Code   RO         2675    i.HAL_SDRAM_RefreshErrorCallback  stm32f4xx_hal_sdram.o
    0x0800240e   0x0800240e   0x00000002   PAD
    0x08002410   0x08002410   0x00000030   Code   RO         2676    i.HAL_SDRAM_SendCommand  stm32f4xx_hal_sdram.o
    0x08002440   0x08002440   0x00000002   Code   RO         4418    i.HAL_TIMEx_BreakCallback  stm32f4xx_hal_tim_ex.o
    0x08002442   0x08002442   0x00000002   Code   RO         4419    i.HAL_TIMEx_CommutCallback  stm32f4xx_hal_tim_ex.o
    0x08002444   0x08002444   0x00000036   Code   RO         3743    i.HAL_TIM_Base_Init  stm32f4xx_hal_tim.o
    0x0800247a   0x0800247a   0x00000002   Code   RO         3745    i.HAL_TIM_Base_MspInit  stm32f4xx_hal_tim.o
    0x0800247c   0x0800247c   0x00000022   Code   RO         3748    i.HAL_TIM_Base_Start_IT  stm32f4xx_hal_tim.o
    0x0800249e   0x0800249e   0x00000002   Code   RO         3772    i.HAL_TIM_IC_CaptureCallback  stm32f4xx_hal_tim.o
    0x080024a0   0x080024a0   0x00000166   Code   RO         3786    i.HAL_TIM_IRQHandler  stm32f4xx_hal_tim.o
    0x08002606   0x08002606   0x00000002   Code   RO         3789    i.HAL_TIM_OC_DelayElapsedCallback  stm32f4xx_hal_tim.o
    0x08002608   0x08002608   0x00000002   Code   RO         3816    i.HAL_TIM_PWM_PulseFinishedCallback  stm32f4xx_hal_tim.o
    0x0800260a   0x0800260a   0x00000002   PAD
    0x0800260c   0x0800260c   0x00000014   Code   RO           14    i.HAL_TIM_PeriodElapsedCallback  main.o
    0x08002620   0x08002620   0x00000002   Code   RO         3829    i.HAL_TIM_TriggerCallback  stm32f4xx_hal_tim.o
    0x08002622   0x08002622   0x00000062   Code   RO         4694    i.HAL_UART_Init     stm32f4xx_hal_uart.o
    0x08002684   0x08002684   0x0000006c   Code   RO          916    i.HAL_UART_MspInit  usart.o
    0x080026f0   0x080026f0   0x000000ba   Code   RO         4702    i.HAL_UART_Transmit  stm32f4xx_hal_uart.o
    0x080027aa   0x080027aa   0x00000002   Code   RO          974    i.HardFault_Handler  stm32f4xx_it.o
    0x080027ac   0x080027ac   0x00000068   Code   RO          410    i.MX_FMC_Init       fmc.o
    0x08002814   0x08002814   0x00000160   Code   RO          461    i.MX_FREERTOS_Init  freertos.o
    0x08002974   0x08002974   0x00000100   Code   RO          383    i.MX_GPIO_Init      gpio.o
    0x08002a74   0x08002a74   0x0000005c   Code   RO          591    i.MX_I2C1_Init      i2c.o
    0x08002ad0   0x08002ad0   0x00000068   Code   RO          631    i.MX_LWIP_Init      lwip.o
    0x08002b38   0x08002b38   0x00000024   Code   RO          826    i.MX_RNG_Init       rng.o
    0x08002b5c   0x08002b5c   0x0000009c   Code   RO          868    i.MX_RTC_Init       rtc.o
    0x08002bf8   0x08002bf8   0x00000038   Code   RO          917    i.MX_USART1_UART_Init  usart.o
    0x08002c30   0x08002c30   0x00000002   Code   RO          975    i.MemManage_Handler  stm32f4xx_it.o
    0x08002c32   0x08002c32   0x00000002   Code   RO          976    i.NMI_Handler       stm32f4xx_it.o
    0x08002c34   0x08002c34   0x00000012   Code   RO         3393    i.RTC_Bcd2ToByte    stm32f4xx_hal_rtc.o
    0x08002c46   0x08002c46   0x00000016   Code   RO         3394    i.RTC_ByteToBcd2    stm32f4xx_hal_rtc.o
    0x08002c5c   0x08002c5c   0x0000003a   Code   RO         3395    i.RTC_EnterInitMode  stm32f4xx_hal_rtc.o
    0x08002c96   0x08002c96   0x00000002   PAD
    0x08002c98   0x08002c98   0x000001c0   Code   RO          462    i.SDRAM_Check       freertos.o
    0x08002e58   0x08002e58   0x0000008c   Code   RO          411    i.SDRAM_InitSequence  fmc.o
    0x08002ee4   0x08002ee4   0x00000014   Code   RO          463    i.StartDefaultTask  freertos.o
    0x08002ef8   0x08002ef8   0x0000003c   Code   RO          464    i.StartTask02       freertos.o
    0x08002f34   0x08002f34   0x00000054   Code   RO          465    i.StartTask03       freertos.o
    0x08002f88   0x08002f88   0x00000050   Code   RO          466    i.StartTask04       freertos.o
    0x08002fd8   0x08002fd8   0x0000000c   Code   RO          467    i.StartTask05       freertos.o
    0x08002fe4   0x08002fe4   0x00000008   Code   RO          468    i.StartTask06       freertos.o
    0x08002fec   0x08002fec   0x0000002c   Code   RO         6411    i.SysTick_Handler   port.o
    0x08003018   0x08003018   0x000000a8   Code   RO           15    i.SystemClock_Config  main.o
    0x080030c0   0x080030c0   0x0000001c   Code   RO         4996    i.SystemInit        system_stm32f4xx.o
    0x080030dc   0x080030dc   0x0000000c   Code   RO          977    i.TIM1_UP_TIM10_IRQHandler  stm32f4xx_it.o
    0x080030e8   0x080030e8   0x000000c8   Code   RO         3831    i.TIM_Base_SetConfig  stm32f4xx_hal_tim.o
    0x080031b0   0x080031b0   0x00000128   Code   RO         4720    i.UART_SetConfig    stm32f4xx_hal_uart.o
    0x080032d8   0x080032d8   0x00000064   Code   RO         4722    i.UART_WaitOnFlagUntilTimeout  stm32f4xx_hal_uart.o
    0x0800333c   0x0800333c   0x00000002   Code   RO          978    i.UsageFault_Handler  stm32f4xx_it.o
    0x0800333e   0x0800333e   0x00000002   PAD
    0x08003340   0x08003340   0x00000020   Code   RO        11471    i.__0printf$8       mc_w.l(printf8.o)
    0x08003360   0x08003360   0x00000020   Code   RO         2094    i.__NVIC_SetPriority  stm32f4xx_hal_cortex.o
    0x08003380   0x08003380   0x0000000e   Code   RO        11580    i.__scatterload_copy  mc_w.l(handlers.o)
    0x0800338e   0x0800338e   0x00000002   Code   RO        11581    i.__scatterload_null  mc_w.l(handlers.o)
    0x08003390   0x08003390   0x0000000e   Code   RO        11582    i.__scatterload_zeroinit  mc_w.l(handlers.o)
    0x0800339e   0x0800339e   0x00000002   PAD
    0x080033a0   0x080033a0   0x00000410   Code   RO        11478    i._printf_core      mc_w.l(printf8.o)
    0x080037b0   0x080037b0   0x00000024   Code   RO        11479    i._printf_post_padding  mc_w.l(printf8.o)
    0x080037d4   0x080037d4   0x0000002e   Code   RO        11480    i._printf_pre_padding  mc_w.l(printf8.o)
    0x08003802   0x08003802   0x00000002   PAD
    0x08003804   0x08003804   0x0000009c   Code   RO        10062    i.dhcp_arp_reply    dhcp.o
    0x080038a0   0x080038a0   0x00000188   Code   RO        10063    i.dhcp_bind         dhcp.o
    0x08003a28   0x08003a28   0x00000034   Code   RO        10064    i.dhcp_check        dhcp.o
    0x08003a5c   0x08003a5c   0x000000ac   Code   RO        10066    i.dhcp_coarse_tmr   dhcp.o
    0x08003b08   0x08003b08   0x000001e4   Code   RO        10067    i.dhcp_create_msg   dhcp.o
    0x08003cec   0x08003cec   0x000000b8   Code   RO        10068    i.dhcp_dec_pcb_refcount  dhcp.o
    0x08003da4   0x08003da4   0x0000009c   Code   RO        10069    i.dhcp_decline      dhcp.o
    0x08003e40   0x08003e40   0x000000e8   Code   RO        10070    i.dhcp_discover     dhcp.o
    0x08003f28   0x08003f28   0x00000034   Code   RO        10071    i.dhcp_fine_tmr     dhcp.o
    0x08003f5c   0x08003f5c   0x00000064   Code   RO        10072    i.dhcp_handle_ack   dhcp.o
    0x08003fc0   0x08003fc0   0x000000ec   Code   RO        10073    i.dhcp_inc_pcb_refcount  dhcp.o
    0x080040ac   0x080040ac   0x00000098   Code   RO        10076    i.dhcp_option       dhcp.o
    0x08004144   0x08004144   0x000000bc   Code   RO        10077    i.dhcp_option_byte  dhcp.o
    0x08004200   0x08004200   0x000000d8   Code   RO        10078    i.dhcp_option_long  dhcp.o
    0x080042d8   0x080042d8   0x000000c8   Code   RO        10079    i.dhcp_option_short  dhcp.o
    0x080043a0   0x080043a0   0x00000020   Code   RO        10080    i.dhcp_option_trailer  dhcp.o
    0x080043c0   0x080043c0   0x00000390   Code   RO        10081    i.dhcp_parse_reply  dhcp.o
    0x08004750   0x08004750   0x000000d8   Code   RO        10082    i.dhcp_rebind       dhcp.o
    0x08004828   0x08004828   0x00000100   Code   RO        10083    i.dhcp_reboot       dhcp.o
    0x08004928   0x08004928   0x00000120   Code   RO        10084    i.dhcp_recv         dhcp.o
    0x08004a48   0x08004a48   0x000000bc   Code   RO        10086    i.dhcp_release_and_stop  dhcp.o
    0x08004b04   0x08004b04   0x000000d8   Code   RO        10087    i.dhcp_renew        dhcp.o
    0x08004bdc   0x08004bdc   0x00000200   Code   RO        10088    i.dhcp_select       dhcp.o
    0x08004ddc   0x08004ddc   0x00000010   Code   RO        10089    i.dhcp_set_state    dhcp.o
    0x08004dec   0x08004dec   0x00000128   Code   RO        10091    i.dhcp_start        dhcp.o
    0x08004f14   0x08004f14   0x0000001c   Code   RO        10093    i.dhcp_supplied_address  dhcp.o
    0x08004f30   0x08004f30   0x0000006c   Code   RO        10094    i.dhcp_timeout      dhcp.o
    0x08004f9c   0x08004f9c   0x000000a8   Code   RO         8656    i.do_memp_free_pool  memp.o
    0x08005044   0x08005044   0x000000b8   Code   RO         8657    i.do_memp_malloc_pool  memp.o
    0x080050fc   0x080050fc   0x0000002c   Code   RO        10269    i.etharp_cleanup_netif  etharp.o
    0x08005128   0x08005128   0x00000260   Code   RO        10271    i.etharp_find_entry  etharp.o
    0x08005388   0x08005388   0x00000024   Code   RO        10272    i.etharp_free_entry  etharp.o
    0x080053ac   0x080053ac   0x00000118   Code   RO        10274    i.etharp_input      etharp.o
    0x080054c4   0x080054c4   0x000001b0   Code   RO        10275    i.etharp_output     etharp.o
    0x08005674   0x08005674   0x00000110   Code   RO        10276    i.etharp_output_to_arp_index  etharp.o
    0x08005784   0x08005784   0x000001e8   Code   RO        10277    i.etharp_query      etharp.o
    0x0800596c   0x0800596c   0x00000174   Code   RO        10278    i.etharp_raw        etharp.o
    0x08005ae0   0x08005ae0   0x0000000c   Code   RO        10279    i.etharp_request    etharp.o
    0x08005aec   0x08005aec   0x00000020   Code   RO        10280    i.etharp_request_dst  etharp.o
    0x08005b0c   0x08005b0c   0x00000060   Code   RO        10281    i.etharp_tmr        etharp.o
    0x08005b6c   0x08005b6c   0x0000011c   Code   RO        10282    i.etharp_update_arp_entry  etharp.o
    0x08005c88   0x08005c88   0x000000a4   Code   RO         7022    i.ethernet_input    ethernet.o
    0x08005d2c   0x08005d2c   0x000000f8   Code   RO         7023    i.ethernet_output   ethernet.o
    0x08005e24   0x08005e24   0x00000088   Code   RO          711    i.ethernetif_init   ethernetif.o
    0x08005eac   0x08005eac   0x0000004c   Code   RO          712    i.ethernetif_input  ethernetif.o
    0x08005ef8   0x08005ef8   0x00000018   Code   RO          919    i.fputc             usart.o
    0x08005f10   0x08005f10   0x00000008   Code   RO        10369    i.icmp_dest_unreach  icmp.o
    0x08005f18   0x08005f18   0x000001e8   Code   RO        10370    i.icmp_input        icmp.o
    0x08006100   0x08006100   0x00000110   Code   RO        10371    i.icmp_send_response  icmp.o
    0x08006210   0x08006210   0x00000008   Code   RO        10372    i.icmp_time_exceeded  icmp.o
    0x08006218   0x08006218   0x0000000c   Code   RO         5992    i.inHandlerMode     cmsis_os.o
    0x08006224   0x08006224   0x0000002e   Code   RO        10486    i.ip4_addr_isbroadcast_u32  ip4_addr.o
    0x08006252   0x08006252   0x00000002   PAD
    0x08006254   0x08006254   0x00000260   Code   RO        10555    i.ip4_frag          ip4_frag.o
    0x080064b4   0x080064b4   0x00000194   Code   RO        10431    i.ip4_input         ip4.o
    0x08006648   0x08006648   0x0000002c   Code   RO        10432    i.ip4_input_accept  ip4.o
    0x08006674   0x08006674   0x0000001e   Code   RO        10434    i.ip4_output_if     ip4.o
    0x08006692   0x08006692   0x00000002   PAD
    0x08006694   0x08006694   0x00000178   Code   RO        10435    i.ip4_output_if_src  ip4.o
    0x0800680c   0x0800680c   0x00000288   Code   RO        10556    i.ip4_reass         ip4_frag.o
    0x08006a94   0x08006a94   0x00000060   Code   RO        10436    i.ip4_route         ip4.o
    0x08006af4   0x08006af4   0x00000090   Code   RO        10557    i.ip_frag_free_pbuf_custom_ref  ip4_frag.o
    0x08006b84   0x08006b84   0x00000248   Code   RO        10558    i.ip_reass_chain_frag_into_datagram_and_validate  ip4_frag.o
    0x08006dcc   0x08006dcc   0x000000bc   Code   RO        10559    i.ip_reass_dequeue_datagram  ip4_frag.o
    0x08006e88   0x08006e88   0x00000198   Code   RO        10560    i.ip_reass_free_complete_datagram  ip4_frag.o
    0x08007020   0x08007020   0x00000080   Code   RO        10561    i.ip_reass_remove_oldest_datagram  ip4_frag.o
    0x080070a0   0x080070a0   0x0000002c   Code   RO        10562    i.ip_reass_tmr      ip4_frag.o
    0x080070cc   0x080070cc   0x00000098   Code   RO        10563    i.ipfrag_free_pbuf_custom  ip4_frag.o
    0x08007164   0x08007164   0x00000120   Code   RO          713    i.low_level_init    ethernetif.o
    0x08007284   0x08007284   0x000000c0   Code   RO          714    i.low_level_input   ethernetif.o
    0x08007344   0x08007344   0x000000a8   Code   RO          715    i.low_level_output  ethernetif.o
    0x080073ec   0x080073ec   0x000000b0   Code   RO          632    i.lwip_Get_IP       lwip.o
    0x0800749c   0x0800749c   0x0000003c   Code   RO         9830    i.lwip_cyclic_timer  timeouts.o
    0x080074d8   0x080074d8   0x00000004   Code   RO         8364    i.lwip_htonl        def.o
    0x080074dc   0x080074dc   0x00000004   Code   RO         8365    i.lwip_htons        def.o
    0x080074e0   0x080074e0   0x00000022   Code   RO         8509    i.lwip_init         init.o
    0x08007502   0x08007502   0x0000002e   Code   RO           16    i.main              main.o
    0x08007530   0x08007530   0x0000000c   Code   RO         5994    i.makeFreeRtosPriority  cmsis_os.o
    0x0800753c   0x0800753c   0x000001c8   Code   RO         8580    i.mem_free          mem.o
    0x08007704   0x08007704   0x000000c8   Code   RO         8581    i.mem_init          mem.o
    0x080077cc   0x080077cc   0x0000024c   Code   RO         8582    i.mem_malloc        mem.o
    0x08007a18   0x08007a18   0x00000010   Code   RO         8583    i.mem_to_ptr        mem.o
    0x08007a28   0x08007a28   0x000001e4   Code   RO         8584    i.mem_trim          mem.o
    0x08007c0c   0x08007c0c   0x0000009c   Code   RO         8658    i.memp_free         memp.o
    0x08007ca8   0x08007ca8   0x00000020   Code   RO         8660    i.memp_init         memp.o
    0x08007cc8   0x08007cc8   0x0000002a   Code   RO         8661    i.memp_init_pool    memp.o
    0x08007cf2   0x08007cf2   0x00000002   PAD
    0x08007cf4   0x08007cf4   0x000000a4   Code   RO         8662    i.memp_malloc       memp.o
    0x08007d98   0x08007d98   0x00000004   Code   RO          469    i.myTimer_Callback01  freertos.o
    0x08007d9c   0x08007d9c   0x00000002   Code   RO          470    i.myTimer_Callback02  freertos.o
    0x08007d9e   0x08007d9e   0x00000002   Code   RO          471    i.myTimer_Callback03  freertos.o
    0x08007da0   0x08007da0   0x00000002   Code   RO          472    i.myTimer_Callback04  freertos.o
    0x08007da2   0x08007da2   0x00000002   Code   RO          473    i.myTimer_Callback05  freertos.o
    0x08007da4   0x08007da4   0x00000002   Code   RO          474    i.myTimer_Callback06  freertos.o
    0x08007da6   0x08007da6   0x00000002   PAD
    0x08007da8   0x08007da8   0x000001d8   Code   RO         8802    i.netif_add         netif.o
    0x08007f80   0x08007f80   0x00000016   Code   RO         8804    i.netif_do_ip_addr_changed  netif.o
    0x08007f96   0x08007f96   0x00000016   Code   RO         8805    i.netif_do_set_gw   netif.o
    0x08007fac   0x08007fac   0x000000c4   Code   RO         8806    i.netif_do_set_ipaddr  netif.o
    0x08008070   0x08008070   0x00000016   Code   RO         8807    i.netif_do_set_netmask  netif.o
    0x08008086   0x08008086   0x00000002   PAD
    0x08008088   0x08008088   0x00000028   Code   RO         8809    i.netif_get_by_index  netif.o
    0x080080b0   0x080080b0   0x00000002   Code   RO         8811    i.netif_init        netif.o
    0x080080b2   0x080080b2   0x00000002   PAD
    0x080080b4   0x080080b4   0x000000c0   Code   RO         8813    i.netif_issue_reports  netif.o
    0x08008174   0x08008174   0x00000006   Code   RO         8815    i.netif_null_output_ip4  netif.o
    0x0800817a   0x0800817a   0x00000002   PAD
    0x0800817c   0x0800817c   0x00000060   Code   RO         8817    i.netif_set_addr    netif.o
    0x080081dc   0x080081dc   0x0000000c   Code   RO         8818    i.netif_set_default  netif.o
    0x080081e8   0x080081e8   0x000000a8   Code   RO         8819    i.netif_set_down    netif.o
    0x08008290   0x08008290   0x000000a0   Code   RO         8825    i.netif_set_up      netif.o
    0x08008330   0x08008330   0x0000000e   Code   RO         5996    i.osDelay           cmsis_os.o
    0x0800833e   0x0800833e   0x0000000a   Code   RO         5999    i.osKernelStart     cmsis_os.o
    0x08008348   0x08008348   0x00000018   Code   RO         6000    i.osKernelSysTick   cmsis_os.o
    0x08008360   0x08008360   0x00000026   Code   RO         6008    i.osMessageCreate   cmsis_os.o
    0x08008386   0x08008386   0x00000002   PAD
    0x08008388   0x08008388   0x00000094   Code   RO         6010    i.osMessageGet      cmsis_os.o
    0x0800841c   0x0800841c   0x0000005c   Code   RO         6012    i.osMessagePut      cmsis_os.o
    0x08008478   0x08008478   0x00000010   Code   RO         6014    i.osMutexCreate     cmsis_os.o
    0x08008488   0x08008488   0x00000050   Code   RO         6016    i.osMutexRelease    cmsis_os.o
    0x080084d8   0x080084d8   0x00000064   Code   RO         6017    i.osMutexWait       cmsis_os.o
    0x0800853c   0x0800853c   0x00000050   Code   RO         6025    i.osSemaphoreCreate  cmsis_os.o
    0x0800858c   0x0800858c   0x00000050   Code   RO         6028    i.osSemaphoreRelease  cmsis_os.o
    0x080085dc   0x080085dc   0x00000064   Code   RO         6029    i.osSemaphoreWait   cmsis_os.o
    0x08008640   0x08008640   0x00000054   Code   RO         6033    i.osThreadCreate    cmsis_os.o
    0x08008694   0x08008694   0x00000040   Code   RO         6044    i.osTimerCreate     cmsis_os.o
    0x080086d4   0x080086d4   0x0000005c   Code   RO         6046    i.osTimerStart      cmsis_os.o
    0x08008730   0x08008730   0x00000006   Code   RO         8984    i.pbuf_add_header   pbuf.o
    0x08008736   0x08008736   0x00000002   PAD
    0x08008738   0x08008738   0x000000c0   Code   RO         8986    i.pbuf_add_header_impl  pbuf.o
    0x080087f8   0x080087f8   0x0000025c   Code   RO         8987    i.pbuf_alloc        pbuf.o
    0x08008a54   0x08008a54   0x000000b0   Code   RO         8988    i.pbuf_alloc_reference  pbuf.o
    0x08008b04   0x08008b04   0x00000036   Code   RO         8989    i.pbuf_alloced_custom  pbuf.o
    0x08008b3a   0x08008b3a   0x00000002   PAD
    0x08008b3c   0x08008b3c   0x00000130   Code   RO         8990    i.pbuf_cat          pbuf.o
    0x08008c6c   0x08008c6c   0x00000012   Code   RO         8991    i.pbuf_chain        pbuf.o
    0x08008c7e   0x08008c7e   0x00000012   Code   RO         8992    i.pbuf_clen         pbuf.o
    0x08008c90   0x08008c90   0x0000009c   Code   RO         8993    i.pbuf_clone        pbuf.o
    0x08008d2c   0x08008d2c   0x000001e0   Code   RO         8995    i.pbuf_copy         pbuf.o
    0x08008f0c   0x08008f0c   0x00000118   Code   RO         8996    i.pbuf_copy_partial  pbuf.o
    0x08009024   0x08009024   0x00000164   Code   RO         8998    i.pbuf_free         pbuf.o
    0x08009188   0x08009188   0x00000034   Code   RO         9000    i.pbuf_free_ooseq_callback  pbuf.o
    0x080091bc   0x080091bc   0x00000006   Code   RO         9004    i.pbuf_header_force  pbuf.o
    0x080091c2   0x080091c2   0x0000000e   Code   RO         9005    i.pbuf_header_impl  pbuf.o
    0x080091d0   0x080091d0   0x0000001c   Code   RO         9006    i.pbuf_init_alloced_pbuf  pbuf.o
    0x080091ec   0x080091ec   0x00000134   Code   RO         9010    i.pbuf_realloc      pbuf.o
    0x08009320   0x08009320   0x0000009c   Code   RO         9011    i.pbuf_ref          pbuf.o
    0x080093bc   0x080093bc   0x000000d0   Code   RO         9012    i.pbuf_remove_header  pbuf.o
    0x0800948c   0x0800948c   0x000001a0   Code   RO         8585    i.plug_holes        mem.o
    0x0800962c   0x0800962c   0x00000070   Code   RO         5528    i.prvAddCurrentTaskToDelayedList  tasks.o
    0x0800969c   0x0800969c   0x000000d0   Code   RO         5529    i.prvAddNewTaskToReadyList  tasks.o
    0x0800976c   0x0800976c   0x00000058   Code   RO         5854    i.prvCheckForValidListAndQueue  timers.o
    0x080097c4   0x080097c4   0x00000026   Code   RO         5174    i.prvCopyDataFromQueue  queue.o
    0x080097ea   0x080097ea   0x0000006c   Code   RO         5175    i.prvCopyDataToQueue  queue.o
    0x08009856   0x08009856   0x00000034   Code   RO         5530    i.prvDeleteTCB      tasks.o
    0x0800988a   0x0800988a   0x00000002   PAD
    0x0800988c   0x0800988c   0x0000004c   Code   RO         6361    i.prvHeapInit       heap_4.o
    0x080098d8   0x080098d8   0x00000060   Code   RO         5531    i.prvIdleTask       tasks.o
    0x08009938   0x08009938   0x00000016   Code   RO         5176    i.prvInitialiseMutex  queue.o
    0x0800994e   0x0800994e   0x00000016   Code   RO         5177    i.prvInitialiseNewQueue  queue.o
    0x08009964   0x08009964   0x0000009a   Code   RO         5532    i.prvInitialiseNewTask  tasks.o
    0x080099fe   0x080099fe   0x0000004e   Code   RO         5855    i.prvInitialiseNewTimer  timers.o
    0x08009a4c   0x08009a4c   0x0000004c   Code   RO         6362    i.prvInsertBlockIntoFreeList  heap_4.o
    0x08009a98   0x08009a98   0x00000038   Code   RO         5856    i.prvInsertTimerInActiveList  timers.o
    0x08009ad0   0x08009ad0   0x0000001c   Code   RO         5178    i.prvIsQueueEmpty   queue.o
    0x08009aec   0x08009aec   0x000000f0   Code   RO         5857    i.prvProcessReceivedCommands  timers.o
    0x08009bdc   0x08009bdc   0x000000c0   Code   RO         5858    i.prvProcessTimerOrBlockTask  timers.o
    0x08009c9c   0x08009c9c   0x00000020   Code   RO         5533    i.prvResetNextTaskUnblockTime  tasks.o
    0x08009cbc   0x08009cbc   0x00000028   Code   RO         5859    i.prvSampleTimeNow  timers.o
    0x08009ce4   0x08009ce4   0x0000006c   Code   RO         5860    i.prvSwitchTimerLists  timers.o
    0x08009d50   0x08009d50   0x00000028   Code   RO         6412    i.prvTaskExitError  port.o
    0x08009d78   0x08009d78   0x00000024   Code   RO         5861    i.prvTimerTask      timers.o
    0x08009d9c   0x08009d9c   0x0000006a   Code   RO         5179    i.prvUnlockQueue    queue.o
    0x08009e06   0x08009e06   0x00000002   PAD
    0x08009e08   0x08009e08   0x0000000c   Code   RO         8586    i.ptr_to_mem        mem.o
    0x08009e14   0x08009e14   0x000000d8   Code   RO         6363    i.pvPortMalloc      heap_4.o
    0x08009eec   0x08009eec   0x00000018   Code   RO         5535    i.pvTaskIncrementMutexHeldCount  tasks.o
    0x08009f04   0x08009f04   0x0000002c   Code   RO         6413    i.pxPortInitialiseStack  port.o
    0x08009f30   0x08009f30   0x00000044   Code   RO        10809    i.sys_arch_mbox_fetch  sys_arch.o
    0x08009f74   0x08009f74   0x00000018   Code   RO        10811    i.sys_arch_protect  sys_arch.o
    0x08009f8c   0x08009f8c   0x0000000c   Code   RO        10813    i.sys_arch_unprotect  sys_arch.o
    0x08009f98   0x08009f98   0x00000044   Code   RO         9831    i.sys_check_timeouts  timeouts.o
    0x08009fdc   0x08009fdc   0x00000018   Code   RO        10814    i.sys_init          sys_arch.o
    0x08009ff4   0x08009ff4   0x0000002c   Code   RO        10816    i.sys_mbox_new      sys_arch.o
    0x0800a020   0x0800a020   0x00000014   Code   RO        10819    i.sys_mbox_trypost  sys_arch.o
    0x0800a034   0x0800a034   0x0000000a   Code   RO        10821    i.sys_mbox_valid    sys_arch.o
    0x0800a03e   0x0800a03e   0x0000000a   Code   RO        10823    i.sys_mutex_lock    sys_arch.o
    0x0800a048   0x0800a048   0x0000001e   Code   RO        10824    i.sys_mutex_new     sys_arch.o
    0x0800a066   0x0800a066   0x00000006   Code   RO        10825    i.sys_mutex_unlock  sys_arch.o
    0x0800a06c   0x0800a06c   0x00000004   Code   RO          717    i.sys_now           ethernetif.o
    0x0800a070   0x0800a070   0x00000030   Code   RO        10831    i.sys_thread_new    sys_arch.o
    0x0800a0a0   0x0800a0a0   0x000000c4   Code   RO         9833    i.sys_timeout       timeouts.o
    0x0800a164   0x0800a164   0x000000f8   Code   RO         9834    i.sys_timeout_abs   timeouts.o
    0x0800a25c   0x0800a25c   0x00000028   Code   RO         9835    i.sys_timeouts_init  timeouts.o
    0x0800a284   0x0800a284   0x00000028   Code   RO         9836    i.sys_timeouts_sleeptime  timeouts.o
    0x0800a2ac   0x0800a2ac   0x000001ac   Code   RO         9268    i.tcp_abandon       tcp.o
    0x0800a458   0x0800a458   0x00000006   Code   RO         9269    i.tcp_abort         tcp.o
    0x0800a45e   0x0800a45e   0x00000002   PAD
    0x0800a460   0x0800a460   0x00000124   Code   RO         9272    i.tcp_alloc         tcp.o
    0x0800a584   0x0800a584   0x000000a0   Code   RO         9276    i.tcp_close         tcp.o
    0x0800a624   0x0800a624   0x000001dc   Code   RO         9277    i.tcp_close_shutdown  tcp.o
    0x0800a800   0x0800a800   0x000000c4   Code   RO         9278    i.tcp_close_shutdown_fin  tcp.o
    0x0800a8c4   0x0800a8c4   0x00000180   Code   RO         9670    i.tcp_create_segment  tcp_out.o
    0x0800aa44   0x0800aa44   0x000000b8   Code   RO         9281    i.tcp_eff_send_mss_netif  tcp.o
    0x0800aafc   0x0800aafc   0x00000234   Code   RO         9671    i.tcp_enqueue_flags  tcp_out.o
    0x0800ad30   0x0800ad30   0x0000006c   Code   RO         9283    i.tcp_fasttmr       tcp.o
    0x0800ad9c   0x0800ad9c   0x00000090   Code   RO         9284    i.tcp_free          tcp.o
    0x0800ae2c   0x0800ae2c   0x0000013c   Code   RO         9581    i.tcp_free_acked_segments  tcp_in.o
    0x0800af68   0x0800af68   0x00000014   Code   RO         9285    i.tcp_free_ooseq    tcp.o
    0x0800af7c   0x0800af7c   0x00000028   Code   RO         9582    i.tcp_get_next_optbyte  tcp_in.o
    0x0800afa4   0x0800afa4   0x00000018   Code   RO         9286    i.tcp_init          tcp.o
    0x0800afbc   0x0800afbc   0x00000650   Code   RO         9583    i.tcp_input         tcp_in.o
    0x0800b60c   0x0800b60c   0x000000d4   Code   RO         9584    i.tcp_input_delayed_close  tcp_in.o
    0x0800b6e0   0x0800b6e0   0x000000cc   Code   RO         9672    i.tcp_keepalive     tcp_out.o
    0x0800b7ac   0x0800b7ac   0x000000bc   Code   RO         9287    i.tcp_kill_state    tcp.o
    0x0800b868   0x0800b868   0x00000070   Code   RO         9288    i.tcp_listen_closed  tcp.o
    0x0800b8d8   0x0800b8d8   0x00000198   Code   RO         9585    i.tcp_listen_input  tcp_in.o
    0x0800ba70   0x0800ba70   0x0000004c   Code   RO         9291    i.tcp_netif_ip_addr_changed  tcp.o
    0x0800babc   0x0800babc   0x000000c0   Code   RO         9292    i.tcp_netif_ip_addr_changed_pcblist  tcp.o
    0x0800bb7c   0x0800bb7c   0x00000098   Code   RO         9296    i.tcp_next_iss      tcp.o
    0x0800bc14   0x0800bc14   0x0000010c   Code   RO         9586    i.tcp_oos_insert_segment  tcp_in.o
    0x0800bd20   0x0800bd20   0x000002e0   Code   RO         9673    i.tcp_output        tcp_out.o
    0x0800c000   0x0800c000   0x000000cc   Code   RO         9674    i.tcp_output_alloc_header  tcp_out.o
    0x0800c0cc   0x0800c0cc   0x00000110   Code   RO         9675    i.tcp_output_alloc_header_common  tcp_out.o
    0x0800c1dc   0x0800c1dc   0x000000e0   Code   RO         9676    i.tcp_output_control_segment  tcp_out.o
    0x0800c2bc   0x0800c2bc   0x000000d8   Code   RO         9677    i.tcp_output_fill_options  tcp_out.o
    0x0800c394   0x0800c394   0x000001dc   Code   RO         9678    i.tcp_output_segment  tcp_out.o
    0x0800c570   0x0800c570   0x000000a8   Code   RO         9679    i.tcp_output_segment_busy  tcp_out.o
    0x0800c618   0x0800c618   0x000000fc   Code   RO         9587    i.tcp_parseopt      tcp_in.o
    0x0800c714   0x0800c714   0x000000cc   Code   RO         9297    i.tcp_pcb_purge     tcp.o
    0x0800c7e0   0x0800c7e0   0x00000190   Code   RO         9298    i.tcp_pcb_remove    tcp.o
    0x0800c970   0x0800c970   0x000004c2   Code   RO         9588    i.tcp_process       tcp_in.o
    0x0800ce32   0x0800ce32   0x00000002   PAD
    0x0800ce34   0x0800ce34   0x00000104   Code   RO         9300    i.tcp_process_refused_data  tcp.o
    0x0800cf38   0x0800cf38   0x00000904   Code   RO         9589    i.tcp_receive       tcp_in.o
    0x0800d83c   0x0800d83c   0x000000b0   Code   RO         9302    i.tcp_recv_null     tcp.o
    0x0800d8ec   0x0800d8ec   0x00000100   Code   RO         9303    i.tcp_recved        tcp.o
    0x0800d9ec   0x0800d9ec   0x00000058   Code   RO         9304    i.tcp_remove_listener  tcp.o
    0x0800da44   0x0800da44   0x000000ec   Code   RO         9681    i.tcp_rexmit        tcp_out.o
    0x0800db30   0x0800db30   0x000000e8   Code   RO         9682    i.tcp_rexmit_fast   tcp_out.o
    0x0800dc18   0x0800dc18   0x000000a4   Code   RO         9683    i.tcp_rexmit_rto    tcp_out.o
    0x0800dcbc   0x0800dcbc   0x000000ac   Code   RO         9684    i.tcp_rexmit_rto_commit  tcp_out.o
    0x0800dd68   0x0800dd68   0x000000f8   Code   RO         9685    i.tcp_rexmit_rto_prepare  tcp_out.o
    0x0800de60   0x0800de60   0x00000010   Code   RO         9686    i.tcp_route         tcp_out.o
    0x0800de70   0x0800de70   0x00000114   Code   RO         9687    i.tcp_rst           tcp_out.o
    0x0800df84   0x0800df84   0x000000ac   Code   RO         9305    i.tcp_seg_copy      tcp.o
    0x0800e030   0x0800e030   0x0000001c   Code   RO         9306    i.tcp_seg_free      tcp.o
    0x0800e04c   0x0800e04c   0x00000012   Code   RO         9307    i.tcp_segs_free     tcp.o
    0x0800e05e   0x0800e05e   0x00000002   PAD
    0x0800e060   0x0800e060   0x000000ec   Code   RO         9688    i.tcp_send_empty_ack  tcp_out.o
    0x0800e14c   0x0800e14c   0x000000cc   Code   RO         9689    i.tcp_send_fin      tcp_out.o
    0x0800e218   0x0800e218   0x000005d0   Code   RO         9311    i.tcp_slowtmr       tcp.o
    0x0800e7e8   0x0800e7e8   0x0000022c   Code   RO         9690    i.tcp_split_unsent_seg  tcp_out.o
    0x0800ea14   0x0800ea14   0x00000034   Code   RO         9838    i.tcp_timer_needed  timeouts.o
    0x0800ea48   0x0800ea48   0x00000100   Code   RO         9590    i.tcp_timewait_input  tcp_in.o
    0x0800eb48   0x0800eb48   0x00000020   Code   RO         9313    i.tcp_tmr           tcp.o
    0x0800eb68   0x0800eb68   0x00000010   Code   RO         9591    i.tcp_trigger_input_pcb_close  tcp_in.o
    0x0800eb78   0x0800eb78   0x000000f4   Code   RO         9315    i.tcp_update_rcv_ann_wnd  tcp.o
    0x0800ec6c   0x0800ec6c   0x00000140   Code   RO         9693    i.tcp_zero_window_probe  tcp_out.o
    0x0800edac   0x0800edac   0x00000110   Code   RO         8195    i.tcpip_init        tcpip.o
    0x0800eebc   0x0800eebc   0x000000c0   Code   RO         8196    i.tcpip_inpkt       tcpip.o
    0x0800ef7c   0x0800ef7c   0x0000001c   Code   RO         8197    i.tcpip_input       tcpip.o
    0x0800ef98   0x0800ef98   0x00000038   Code   RO         9839    i.tcpip_tcp_timer   timeouts.o
    0x0800efd0   0x0800efd0   0x000000f8   Code   RO         8199    i.tcpip_thread      tcpip.o
    0x0800f0c8   0x0800f0c8   0x000000cc   Code   RO         8200    i.tcpip_thread_handle_msg  tcpip.o
    0x0800f194   0x0800f194   0x000000bc   Code   RO         8201    i.tcpip_try_callback  tcpip.o
    0x0800f250   0x0800f250   0x00000134   Code   RO         9919    i.udp_bind          udp.o
    0x0800f384   0x0800f384   0x00000100   Code   RO         9921    i.udp_connect       udp.o
    0x0800f484   0x0800f484   0x00000018   Code   RO         9923    i.udp_init          udp.o
    0x0800f49c   0x0800f49c   0x000001e8   Code   RO         9924    i.udp_input         udp.o
    0x0800f684   0x0800f684   0x0000010c   Code   RO         9925    i.udp_input_local_match  udp.o
    0x0800f790   0x0800f790   0x00000034   Code   RO         9926    i.udp_netif_ip_addr_changed  udp.o
    0x0800f7c4   0x0800f7c4   0x0000001a   Code   RO         9927    i.udp_new           udp.o
    0x0800f7de   0x0800f7de   0x00000002   PAD
    0x0800f7e0   0x0800f7e0   0x00000088   Code   RO         9929    i.udp_recv          udp.o
    0x0800f868   0x0800f868   0x000000b0   Code   RO         9930    i.udp_remove        udp.o
    0x0800f918   0x0800f918   0x00000140   Code   RO         9933    i.udp_sendto_if     udp.o
    0x0800fa58   0x0800fa58   0x00000248   Code   RO         9934    i.udp_sendto_if_src  udp.o
    0x0800fca0   0x0800fca0   0x00000078   Code   RO          869    i.user_RTC_printf   rtc.o
    0x0800fd18   0x0800fd18   0x00000026   Code   RO         5134    i.uxListRemove      list.o
    0x0800fd3e   0x0800fd3e   0x00000002   PAD
    0x0800fd40   0x0800fd40   0x00000014   Code   RO          475    i.vApplicationGetIdleTaskMemory  freertos.o
    0x0800fd54   0x0800fd54   0x00000018   Code   RO          476    i.vApplicationGetTimerTaskMemory  freertos.o
    0x0800fd6c   0x0800fd6c   0x00000016   Code   RO         5135    i.vListInitialise   list.o
    0x0800fd82   0x0800fd82   0x00000006   Code   RO         5136    i.vListInitialiseItem  list.o
    0x0800fd88   0x0800fd88   0x00000030   Code   RO         5137    i.vListInsert       list.o
    0x0800fdb8   0x0800fdb8   0x00000018   Code   RO         5138    i.vListInsertEnd    list.o
    0x0800fdd0   0x0800fdd0   0x00000040   Code   RO         6415    i.vPortEnterCritical  port.o
    0x0800fe10   0x0800fe10   0x00000028   Code   RO         6416    i.vPortExitCritical  port.o
    0x0800fe38   0x0800fe38   0x0000005c   Code   RO         6364    i.vPortFree         heap_4.o
    0x0800fe94   0x0800fe94   0x00000024   Code   RO         6417    i.vPortSetupTimerInterrupt  port.o
    0x0800feb8   0x0800feb8   0x00000054   Code   RO         6418    i.vPortValidateInterruptPriority  port.o
    0x0800ff0c   0x0800ff0c   0x00000028   Code   RO         5183    i.vQueueAddToRegistry  queue.o
    0x0800ff34   0x0800ff34   0x00000044   Code   RO         5186    i.vQueueWaitForMessageRestricted  queue.o
    0x0800ff78   0x0800ff78   0x0000004c   Code   RO         5541    i.vTaskDelay        tasks.o
    0x0800ffc4   0x0800ffc4   0x00000010   Code   RO         5544    i.vTaskInternalSetTimeOutState  tasks.o
    0x0800ffd4   0x0800ffd4   0x0000000c   Code   RO         5545    i.vTaskMissedYield  tasks.o
    0x0800ffe0   0x0800ffe0   0x00000030   Code   RO         5547    i.vTaskPlaceOnEventList  tasks.o
    0x08010010   0x08010010   0x00000038   Code   RO         5548    i.vTaskPlaceOnEventListRestricted  tasks.o
    0x08010048   0x08010048   0x000000a8   Code   RO         5550    i.vTaskPriorityDisinheritAfterTimeout  tasks.o
    0x080100f0   0x080100f0   0x00000088   Code   RO         5556    i.vTaskStartScheduler  tasks.o
    0x08010178   0x08010178   0x00000010   Code   RO         5558    i.vTaskSuspendAll   tasks.o
    0x08010188   0x08010188   0x0000005c   Code   RO         5559    i.vTaskSwitchContext  tasks.o
    0x080101e4   0x080101e4   0x000000f4   Code   RO         6419    i.xPortStartScheduler  port.o
    0x080102d8   0x080102d8   0x0000003a   Code   RO         5187    i.xQueueCreateCountingSemaphore  queue.o
    0x08010312   0x08010312   0x00000040   Code   RO         5188    i.xQueueCreateCountingSemaphoreStatic  queue.o
    0x08010352   0x08010352   0x00000016   Code   RO         5189    i.xQueueCreateMutex  queue.o
    0x08010368   0x08010368   0x0000001a   Code   RO         5190    i.xQueueCreateMutexStatic  queue.o
    0x08010382   0x08010382   0x00000048   Code   RO         5191    i.xQueueGenericCreate  queue.o
    0x080103ca   0x080103ca   0x00000066   Code   RO         5192    i.xQueueGenericCreateStatic  queue.o
    0x08010430   0x08010430   0x00000088   Code   RO         5193    i.xQueueGenericReset  queue.o
    0x080104b8   0x080104b8   0x00000160   Code   RO         5194    i.xQueueGenericSend  queue.o
    0x08010618   0x08010618   0x000000bc   Code   RO         5195    i.xQueueGenericSendFromISR  queue.o
    0x080106d4   0x080106d4   0x0000009c   Code   RO         5196    i.xQueueGiveFromISR  queue.o
    0x08010770   0x08010770   0x00000138   Code   RO         5202    i.xQueueReceive     queue.o
    0x080108a8   0x080108a8   0x0000009a   Code   RO         5203    i.xQueueReceiveFromISR  queue.o
    0x08010942   0x08010942   0x00000002   PAD
    0x08010944   0x08010944   0x00000178   Code   RO         5204    i.xQueueSemaphoreTake  queue.o
    0x08010abc   0x08010abc   0x00000074   Code   RO         5561    i.xTaskCheckForTimeOut  tasks.o
    0x08010b30   0x08010b30   0x0000005a   Code   RO         5562    i.xTaskCreate       tasks.o
    0x08010b8a   0x08010b8a   0x00000056   Code   RO         5563    i.xTaskCreateStatic  tasks.o
    0x08010be0   0x08010be0   0x0000001c   Code   RO         5569    i.xTaskGetSchedulerState  tasks.o
    0x08010bfc   0x08010bfc   0x0000000c   Code   RO         5570    i.xTaskGetTickCount  tasks.o
    0x08010c08   0x08010c08   0x00000010   Code   RO         5571    i.xTaskGetTickCountFromISR  tasks.o
    0x08010c18   0x08010c18   0x000000c8   Code   RO         5572    i.xTaskIncrementTick  tasks.o
    0x08010ce0   0x08010ce0   0x00000098   Code   RO         5575    i.xTaskPriorityDisinherit  tasks.o
    0x08010d78   0x08010d78   0x00000094   Code   RO         5576    i.xTaskPriorityInherit  tasks.o
    0x08010e0c   0x08010e0c   0x00000074   Code   RO         5577    i.xTaskRemoveFromEventList  tasks.o
    0x08010e80   0x08010e80   0x000000c4   Code   RO         5578    i.xTaskResumeAll    tasks.o
    0x08010f44   0x08010f44   0x00000034   Code   RO         5865    i.xTimerCreate      timers.o
    0x08010f78   0x08010f78   0x0000002e   Code   RO         5866    i.xTimerCreateStatic  timers.o
    0x08010fa6   0x08010fa6   0x00000002   PAD
    0x08010fa8   0x08010fa8   0x00000060   Code   RO         5867    i.xTimerCreateTimerTask  timers.o
    0x08011008   0x08011008   0x00000060   Code   RO         5868    i.xTimerGenericCommand  timers.o
    0x08011068   0x08011068   0x000000d8   Data   RO          478    .constdata          freertos.o
    0x08011140   0x08011140   0x0000001c   Data   RO          719    .constdata          ethernetif.o
    0x0801115c   0x0801115c   0x00000010   Data   RO         4997    .constdata          system_stm32f4xx.o
    0x0801116c   0x0801116c   0x00000008   Data   RO         4998    .constdata          system_stm32f4xx.o
    0x08011174   0x08011174   0x00000006   Data   RO         7024    .constdata          ethernet.o
    0x0801117a   0x0801117a   0x00000006   Data   RO         7025    .constdata          ethernet.o
    0x08011180   0x08011180   0x0000000c   Data   RO         8677    .constdata          memp.o
    0x0801118c   0x0801118c   0x0000000c   Data   RO         8678    .constdata          memp.o
    0x08011198   0x08011198   0x0000000c   Data   RO         8679    .constdata          memp.o
    0x080111a4   0x080111a4   0x0000000c   Data   RO         8680    .constdata          memp.o
    0x080111b0   0x080111b0   0x0000000c   Data   RO         8681    .constdata          memp.o
    0x080111bc   0x080111bc   0x0000000c   Data   RO         8682    .constdata          memp.o
    0x080111c8   0x080111c8   0x0000000c   Data   RO         8683    .constdata          memp.o
    0x080111d4   0x080111d4   0x0000000c   Data   RO         8684    .constdata          memp.o
    0x080111e0   0x080111e0   0x0000000c   Data   RO         8685    .constdata          memp.o
    0x080111ec   0x080111ec   0x0000000c   Data   RO         8686    .constdata          memp.o
    0x080111f8   0x080111f8   0x0000000c   Data   RO         8687    .constdata          memp.o
    0x08011204   0x08011204   0x0000000c   Data   RO         8688    .constdata          memp.o
    0x08011210   0x08011210   0x0000000c   Data   RO         8689    .constdata          memp.o
    0x0801121c   0x0801121c   0x00000034   Data   RO         8690    .constdata          memp.o
    0x08011250   0x08011250   0x00000054   Data   RO         9316    .constdata          tcp.o
    0x080112a4   0x080112a4   0x00000028   Data   RO         9840    .constdata          timeouts.o
    0x080112cc   0x080112cc   0x00000004   Data   RO        10493    .constdata          ip4_addr.o
    0x080112d0   0x080112d0   0x00000004   Data   RO        10494    .constdata          ip4_addr.o
    0x080112d4   0x080112d4   0x00000018   Data   RO        10832    .constdata          sys_arch.o
    0x080112ec   0x080112ec   0x00000048   Data   RO          479    .conststring        freertos.o
    0x08011334   0x08011334   0x00000006   Data   RO          720    .conststring        ethernetif.o
    0x0801133a   0x0801133a   0x00000002   PAD
    0x0801133c   0x0801133c   0x00000075   Data   RO         9317    .conststring        tcp.o
    0x080113b1   0x080113b1   0x00000003   PAD
    0x080113b4   0x080113b4   0x00000055   Data   RO         9694    .conststring        tcp_out.o
    0x08011409   0x08011409   0x00000003   PAD
    0x0801140c   0x0801140c   0x00000042   Data   RO        10096    .conststring        dhcp.o
    0x0801144e   0x0801144e   0x00000002   PAD
    0x08011450   0x08011450   0x00000041   Data   RO        10284    .conststring        etharp.o
    0x08011491   0x08011491   0x00000003   PAD
    0x08011494   0x08011494   0x00000040   Data   RO        11578    Region$$Table       anon$$obj.o


    Execution Region RW_IRAM2 (Exec base: 0x10000000, Load base: 0x080115fc, Size: 0x000020e8, Max: 0x00010000, ABSOLUTE)

    Exec Addr    Load Addr    Size         Type   Attr      Idx    E Section Name        Object

    0x10000000   0x080115fc   0x00000008   Data   RW          413    .data               fmc.o
    0x10000008   0x08011604   0x00000010   Data   RW          638    .data               lwip.o
    0x10000018   0x08011614   0x0000000c   Data   RW         2240    .data               stm32f4xx_hal.o
    0x10000024   0x08011620   0x00000004   Data   RW         4999    .data               system_stm32f4xx.o
    0x10000028   0x08011624   0x00000018   Data   RW         6369    .data               heap_4.o
    0x10000040   0x0801163c   0x00000010   Data   RW         8588    .data               mem.o
    0x10000050   0x0801164c   0x00000004   Data   RW         8692    .data               memp.o
    0x10000054   0x08011650   0x00000004   Data   RW         8694    .data               memp.o
    0x10000058   0x08011654   0x00000004   Data   RW         8696    .data               memp.o
    0x1000005c   0x08011658   0x00000004   Data   RW         8698    .data               memp.o
    0x10000060   0x0801165c   0x00000004   Data   RW         8700    .data               memp.o
    0x10000064   0x08011660   0x00000004   Data   RW         8702    .data               memp.o
    0x10000068   0x08011664   0x0000000c   Data   RW         8826    .data               netif.o
    0x10000074   0x08011670   0x00000020   Data   RW         9318    .data               tcp.o
    0x10000094   0x08011690   0x00000001   Data   RW        10285    .data               etharp.o
    0x10000095   0x08011691   0x00000003   PAD
    0x10000098   0x08011694   0x00000008   Data   RW        10564    .data               ip4_frag.o
    0x100000a0   0x0801169c   0x00000004   Data   RW        10834    .data               sys_arch.o
    0x100000a4   0x080116a0   0x00000004   Data   RW        11541    .data               mc_w.l(stdout.o)
    0x100000a8        -       0x00000034   Zero   RW          637    .bss                lwip.o
    0x100000dc        -       0x00000010   Zero   RW          827    .bss                rng.o
    0x100000ec        -       0x00000034   Zero   RW          870    .bss                rtc.o
    0x10000120        -       0x00000040   Zero   RW          920    .bss                usart.o
    0x10000160        -       0x00000040   Zero   RW         5206    .bss                queue.o
    0x100001a0        -       0x000000f0   Zero   RW         5580    .bss                tasks.o
    0x10000290        -       0x000000e8   Zero   RW         5873    .bss                timers.o
    0x10000378        -       0x00000018   Zero   RW         8555    .bss                ip.o
    0x10000390        -       0x00000653   Zero   RW         8587    .bss                mem.o
    0x100009e3        -       0x00000083   Zero   RW         8664    .bss                memp.o
    0x10000a66        -       0x00000103   Zero   RW         8667    .bss                memp.o
    0x10000b69        -       0x000000a3   Zero   RW         8668    .bss                memp.o
    0x10000c0c        -       0x00000083   Zero   RW         8673    .bss                memp.o
    0x10000c8f        -       0x00000053   Zero   RW         8674    .bss                memp.o
    0x10000ce2   0x080116a4   0x00000006   PAD
    0x10000ce8        -       0x00001400   Zero   RW            1    STACK               startup_stm32f429xx.o


    Execution Region RW_IRAM1 (Exec base: 0x20000000, Load base: 0x080114d4, Size: 0x000220e4, Max: 0x00030000, ABSOLUTE)

    Exec Addr    Load Addr    Size         Type   Attr      Idx    E Section Name        Object

    0x20000000   0x080114d4   0x00000040   Data   RW          480    .data               freertos.o
    0x20000040   0x08011514   0x00000004   Data   RW          721    .data               ethernetif.o
    0x20000044   0x08011518   0x00000004   Data   RW          871    .data               rtc.o
    0x20000048   0x0801151c   0x0000003c   Data   RW         5581    .data               tasks.o
    0x20000084   0x08011558   0x00000014   Data   RW         5874    .data               timers.o
    0x20000098   0x0801156c   0x0000000c   Data   RW         6420    .data               port.o
    0x200000a4   0x08011578   0x00000010   Data   RW         8202    .data               tcpip.o
    0x200000b4   0x08011588   0x00000004   Data   RW         8691    .data               memp.o
    0x200000b8   0x0801158c   0x00000004   Data   RW         8693    .data               memp.o
    0x200000bc   0x08011590   0x00000004   Data   RW         8695    .data               memp.o
    0x200000c0   0x08011594   0x00000004   Data   RW         8697    .data               memp.o
    0x200000c4   0x08011598   0x00000004   Data   RW         8699    .data               memp.o
    0x200000c8   0x0801159c   0x00000004   Data   RW         8701    .data               memp.o
    0x200000cc   0x080115a0   0x00000004   Data   RW         8703    .data               memp.o
    0x200000d0   0x080115a4   0x00000001   Data   RW         9019    .data               pbuf.o
    0x200000d1   0x080115a5   0x00000003   PAD
    0x200000d4   0x080115a8   0x00000024   Data   RW         9593    .data               tcp_in.o
    0x200000f8   0x080115cc   0x0000000c   Data   RW         9842    .data               timeouts.o
    0x20000104   0x080115d8   0x00000008   Data   RW         9935    .data               udp.o
    0x2000010c   0x080115e0   0x00000014   Data   RW        10097    .data               dhcp.o
    0x20000120   0x080115f4   0x00000002   Data   RW        10437    .data               ip4.o
    0x20000122   0x080115f6   0x00000002   PAD
    0x20000124   0x080115f8   0x00000004   Data   RW        11244    .data               mc_w.l(rand.o)
    0x20000128        -       0x00000044   Zero   RW          412    .bss                fmc.o
    0x2000016c        -       0x00013f30   Zero   RW          477    .bss                freertos.o
    0x2001409c        -       0x00000054   Zero   RW          592    .bss                i2c.o
    0x200140f0        -       0x000030e8   Zero   RW          718    .bss                ethernetif.o
    0x200171d8        -       0x00000040   Zero   RW         1078    .bss                stm32f4xx_hal_timebase_tim.o
    0x20017218        -       0x00008000   Zero   RW         6368    .bss                heap_4.o
    0x2001f218        -       0x0000030f   Zero   RW         8665    .bss                memp.o
    0x2001f527        -       0x000000e3   Zero   RW         8666    .bss                memp.o
    0x2001f60a        -       0x0000016b   Zero   RW         8669    .bss                memp.o
    0x2001f775        -       0x00000023   Zero   RW         8670    .bss                memp.o
    0x2001f798        -       0x000000a3   Zero   RW         8671    .bss                memp.o
    0x2001f83b        -       0x00000083   Zero   RW         8672    .bss                memp.o
    0x2001f8be        -       0x00000103   Zero   RW         8675    .bss                memp.o
    0x2001f9c1        -       0x00002603   Zero   RW         8676    .bss                memp.o
    0x20021fc4        -       0x00000010   Zero   RW         9592    .bss                tcp_in.o
    0x20021fd4        -       0x00000020   Zero   RW        10095    .bss                dhcp.o
    0x20021ff4        -       0x000000f0   Zero   RW        10283    .bss                etharp.o


==============================================================================

Image component sizes


      Code (inc. data)   RO Data    RW Data    ZI Data      Debug   Object Name

         0          0          0          0          0       7071   api_lib.o
         0          0          0          0          0       4711   api_msg.o
         0          0          0          0          0       2168   auth.o
         0          0          0          0          0      11083   bridgeif.o
      1046         38          0          0          0      38128   cmsis_os.o
         8          0          0          0          0       1074   def.o
      6040       2014         66         20         32      27449   dhcp.o
         0          0          0          0          0       2388   err.o
      2956       1188         65          1        240      12591   etharp.o
       412        154         12          0          0       2658   ethernet.o
      1144        162         34          4      12520       6952   ethernetif.o
         0          0          0          0          0      18668   event_groups.o
       484         48          0          8         68       2761   fmc.o
      1122        356        288         64      81712      10116   freertos.o
       256         22          0          0          0       1067   gpio.o
       460         24          0         24      32768       4679   heap_4.o
       196         26          0          0         84       1605   i2c.o
       776        350          0          0          0       4326   icmp.o
        34          0          0          0          0      10059   init.o
         0          0          0          0         24       3186   ip.o
       950        186          0          2          0       5716   ip4.o
        46          0          8          0          0       8718   ip4_addr.o
      2904       1164          0          8          0      11510   ip4_frag.o
       138          0          0          0          0      12414   list.o
       280        106          0         16         52       1280   lwip.o
       236         16          0          0          0     891683   main.o
      2172       1044          0         16       1619       7917   mem.o
       746        500        208         52      12459      12275   memp.o
      1410        740          0         12          0      14012   netif.o
      3416       1796          0          1          0      16998   pbuf.o
       786         82          0         12          0      11749   port.o
      2450         24          0          0         64      26503   queue.o
        76         18          0          0         16       1423   rng.o
       300         70          0          4         52       2107   rtc.o
        36          8        428          0       5120        820   startup_stm32f429xx.o
       116         18          0         12          0       8746   stm32f4xx_hal.o
       158         14          0          0          0      33078   stm32f4xx_hal_cortex.o
      2008         72          0          0          0      12852   stm32f4xx_hal_eth.o
       528         60          0          0          0       4756   stm32f4xx_hal_gpio.o
       392         16          0          0          0       3071   stm32f4xx_hal_i2c.o
       128          0          0          0          0       1811   stm32f4xx_hal_i2c_ex.o
        56          4          0          0          0        806   stm32f4xx_hal_msp.o
       112         14          0          0          0       1256   stm32f4xx_hal_pwr_ex.o
      1408         92          0          0          0       6237   stm32f4xx_hal_rcc.o
       596         36          0          0          0       1580   stm32f4xx_hal_rcc_ex.o
       188          0          0          0          0       2620   stm32f4xx_hal_rng.o
       916         30          0          0          0       7344   stm32f4xx_hal_rtc.o
       194          0          0          0          0       1395   stm32f4xx_hal_rtc_ex.o
       180          0          0          0          0       3828   stm32f4xx_hal_sdram.o
       656         44          0          0          0       7084   stm32f4xx_hal_tim.o
         4          0          0          0          0       1549   stm32f4xx_hal_tim_ex.o
       116         16          0          0         64       1347   stm32f4xx_hal_timebase_tim.o
       680         10          0          0          0       4044   stm32f4xx_hal_uart.o
       116         56          0          0          0       4457   stm32f4xx_it.o
       292          4          0          0          0       3420   stm32f4xx_ll_fmc.o
         0          0          0          0          0        392   stream_buffer.o
       296         24         24          4          0      13308   sys_arch.o
        28          6         24          4          0       1083   system_stm32f4xx.o
      2458        186          0         60        240      29492   tasks.o
      6124       2876        201         32          0      33412   tcp.o
      6910       2036          0         36         16      22407   tcp_in.o
      6108       3044         85          0          0      28802   tcp_out.o
      1132        660          0         16          0       7504   tcpip.o
       760        374         40         12          0       7347   timeouts.o
      1128         80          0         20        232      32435   timers.o
      2638       1376          0          8          0      11513   udp.o
       188         26          0          0         64       2142   usart.o

    ----------------------------------------------------------------------
     67558      21310       1560        456     147452    1498983   Object Totals
         0          0         64          0          0          0   (incl. Generated)
        64          0         13          8          6          0   (incl. Padding)

    ----------------------------------------------------------------------

      Code (inc. data)   RO Data    RW Data    ZI Data      Debug   Library Member Name

        86          0          0          0          0          0   __dczerorl2.o
         0          0          0          0          0          0   entry.o
         0          0          0          0          0          0   entry10a.o
         0          0          0          0          0          0   entry11a.o
         8          4          0          0          0          0   entry2.o
         4          0          0          0          0          0   entry5.o
         0          0          0          0          0          0   entry7b.o
         0          0          0          0          0          0   entry8b.o
         8          4          0          0          0          0   entry9a.o
        30          0          0          0          0          0   handlers.o
        36          8          0          0          0         68   init.o
        98          0          0          0          0         84   ldiv.o
        30          0          0          0          0         68   llshl.o
        32          0          0          0          0         68   llushr.o
        26          0          0          0          0         80   memcmp.o
        64          0          0          0          0         76   memmovea.o
        36          0          0          0          0        108   memseta.o
      1154         54          0          0          0        352   printf8.o
        36         10          0          4          0        136   rand.o
         0          0          0          4          0          0   stdout.o
        98          0          0          0          0         92   uldiv.o

    ----------------------------------------------------------------------
      1750         80          0          8          0       1132   Library Totals
         4          0          0          0          0          0   (incl. Padding)

    ----------------------------------------------------------------------

      Code (inc. data)   RO Data    RW Data    ZI Data      Debug   Library Name

      1746         80          0          8          0       1132   mc_w.l

    ----------------------------------------------------------------------
      1750         80          0          8          0       1132   Library Totals

    ----------------------------------------------------------------------

==============================================================================


      Code (inc. data)   RO Data    RW Data    ZI Data      Debug   

     69308      21390       1560        464     147452    1457331   Grand Totals
     69308      21390       1560        464     147452    1457331   ELF Image Totals
     69308      21390       1560        464          0          0   ROM Totals

==============================================================================

    Total RO  Size (Code + RO Data)                70868 (  69.21kB)
    Total RW  Size (RW Data + ZI Data)            147916 ( 144.45kB)
    Total ROM Size (Code + RO Data + RW Data)      71332 (  69.66kB)

==============================================================================

